Aug 08 16:54:16 nixos kernel: Linux version 6.6.44 (nixbld@localhost) (gcc (GCC) 13.3.0, GNU ld (GNU Binutils) 2.42) #1-NixOS SMP PREEMPT_DYNAMIC Sat Aug  3 06:54:42 UTC 2024
Aug 08 16:54:16 nixos kernel: Command line: initrd=\EFI\nixos\3ciil6y3mql5z2rzs8g05cx9y1lfx626-initrd-linux-6.6.44-initrd.efi init=/nix/store/h45zbsn497db48jprvdbxvrqp5zkbqz2-nixos-system-nixos-24.11pre662544.cb9a96f23c49/init loglevel=4 nvidia-drm.modeset=1 nvidia-drm.fbdev=1 nvidia.NVreg_PreserveVideoMemoryAllocations=1
Aug 08 16:54:16 nixos kernel: x86/split lock detection: #AC: crashing the kernel on kernel split_locks and warning on user-space split_locks
Aug 08 16:54:16 nixos kernel: BIOS-provided physical RAM map:
Aug 08 16:54:16 nixos kernel: BIOS-e820: [mem 0x0000000000000000-0x000000000009dfff] usable
Aug 08 16:54:16 nixos kernel: BIOS-e820: [mem 0x000000000009e000-0x000000000009efff] reserved
Aug 08 16:54:16 nixos kernel: BIOS-e820: [mem 0x000000000009f000-0x000000000009ffff] usable
Aug 08 16:54:16 nixos kernel: BIOS-e820: [mem 0x00000000000a0000-0x00000000000fffff] reserved
Aug 08 16:54:16 nixos kernel: BIOS-e820: [mem 0x0000000000100000-0x0000000034f92fff] usable
Aug 08 16:54:16 nixos kernel: BIOS-e820: [mem 0x0000000034f93000-0x0000000034f93fff] reserved
Aug 08 16:54:16 nixos kernel: BIOS-e820: [mem 0x0000000034f94000-0x00000000357fefff] usable
Aug 08 16:54:16 nixos kernel: BIOS-e820: [mem 0x00000000357ff000-0x00000000388fefff] reserved
Aug 08 16:54:16 nixos kernel: BIOS-e820: [mem 0x00000000388ff000-0x0000000038accfff] ACPI data
Aug 08 16:54:16 nixos kernel: BIOS-e820: [mem 0x0000000038acd000-0x0000000038bd6fff] ACPI NVS
Aug 08 16:54:16 nixos kernel: BIOS-e820: [mem 0x0000000038bd7000-0x0000000039ffefff] reserved
Aug 08 16:54:16 nixos kernel: BIOS-e820: [mem 0x0000000039fff000-0x0000000039ffffff] usable
Aug 08 16:54:16 nixos kernel: BIOS-e820: [mem 0x000000003a000000-0x000000003dffffff] reserved
Aug 08 16:54:16 nixos kernel: BIOS-e820: [mem 0x000000003ee00000-0x000000003fffffff] reserved
Aug 08 16:54:16 nixos kernel: BIOS-e820: [mem 0x00000000c0000000-0x00000000cfffffff] reserved
Aug 08 16:54:16 nixos kernel: BIOS-e820: [mem 0x00000000fc000000-0x00000000fc00ffff] reserved
Aug 08 16:54:16 nixos kernel: BIOS-e820: [mem 0x00000000fe000000-0x00000000fe010fff] reserved
Aug 08 16:54:16 nixos kernel: BIOS-e820: [mem 0x00000000fec00000-0x00000000fec00fff] reserved
Aug 08 16:54:16 nixos kernel: BIOS-e820: [mem 0x00000000fed00000-0x00000000fed00fff] reserved
Aug 08 16:54:16 nixos kernel: BIOS-e820: [mem 0x00000000fed20000-0x00000000fed7ffff] reserved
Aug 08 16:54:16 nixos kernel: BIOS-e820: [mem 0x00000000fee00000-0x00000000fee00fff] reserved
Aug 08 16:54:16 nixos kernel: BIOS-e820: [mem 0x00000000ff000000-0x00000000ffffffff] reserved
Aug 08 16:54:16 nixos kernel: BIOS-e820: [mem 0x0000000100000000-0x00000008bfffffff] usable
Aug 08 16:54:16 nixos kernel: NX (Execute Disable) protection: active
Aug 08 16:54:16 nixos kernel: APIC: Static calls initialized
Aug 08 16:54:16 nixos kernel: e820: update [mem 0x2d665018-0x2d68ae57] usable ==> usable
Aug 08 16:54:16 nixos kernel: e820: update [mem 0x2d665018-0x2d68ae57] usable ==> usable
Aug 08 16:54:16 nixos kernel: e820: update [mem 0x2eae3018-0x2eaf2057] usable ==> usable
Aug 08 16:54:16 nixos kernel: e820: update [mem 0x2eae3018-0x2eaf2057] usable ==> usable
Aug 08 16:54:16 nixos kernel: extended physical RAM map:
Aug 08 16:54:16 nixos kernel: reserve setup_data: [mem 0x0000000000000000-0x000000000009dfff] usable
Aug 08 16:54:16 nixos kernel: reserve setup_data: [mem 0x000000000009e000-0x000000000009efff] reserved
Aug 08 16:54:16 nixos kernel: reserve setup_data: [mem 0x000000000009f000-0x000000000009ffff] usable
Aug 08 16:54:16 nixos kernel: reserve setup_data: [mem 0x00000000000a0000-0x00000000000fffff] reserved
Aug 08 16:54:16 nixos kernel: reserve setup_data: [mem 0x0000000000100000-0x000000002d665017] usable
Aug 08 16:54:16 nixos kernel: reserve setup_data: [mem 0x000000002d665018-0x000000002d68ae57] usable
Aug 08 16:54:16 nixos kernel: reserve setup_data: [mem 0x000000002d68ae58-0x000000002eae3017] usable
Aug 08 16:54:16 nixos kernel: reserve setup_data: [mem 0x000000002eae3018-0x000000002eaf2057] usable
Aug 08 16:54:16 nixos kernel: reserve setup_data: [mem 0x000000002eaf2058-0x0000000034f92fff] usable
Aug 08 16:54:16 nixos kernel: reserve setup_data: [mem 0x0000000034f93000-0x0000000034f93fff] reserved
Aug 08 16:54:16 nixos kernel: reserve setup_data: [mem 0x0000000034f94000-0x00000000357fefff] usable
Aug 08 16:54:16 nixos kernel: reserve setup_data: [mem 0x00000000357ff000-0x00000000388fefff] reserved
Aug 08 16:54:16 nixos kernel: reserve setup_data: [mem 0x00000000388ff000-0x0000000038accfff] ACPI data
Aug 08 16:54:16 nixos kernel: reserve setup_data: [mem 0x0000000038acd000-0x0000000038bd6fff] ACPI NVS
Aug 08 16:54:16 nixos kernel: reserve setup_data: [mem 0x0000000038bd7000-0x0000000039ffefff] reserved
Aug 08 16:54:16 nixos kernel: reserve setup_data: [mem 0x0000000039fff000-0x0000000039ffffff] usable
Aug 08 16:54:16 nixos kernel: reserve setup_data: [mem 0x000000003a000000-0x000000003dffffff] reserved
Aug 08 16:54:16 nixos kernel: reserve setup_data: [mem 0x000000003ee00000-0x000000003fffffff] reserved
Aug 08 16:54:16 nixos kernel: reserve setup_data: [mem 0x00000000c0000000-0x00000000cfffffff] reserved
Aug 08 16:54:16 nixos kernel: reserve setup_data: [mem 0x00000000fc000000-0x00000000fc00ffff] reserved
Aug 08 16:54:16 nixos kernel: reserve setup_data: [mem 0x00000000fe000000-0x00000000fe010fff] reserved
Aug 08 16:54:16 nixos kernel: reserve setup_data: [mem 0x00000000fec00000-0x00000000fec00fff] reserved
Aug 08 16:54:16 nixos kernel: reserve setup_data: [mem 0x00000000fed00000-0x00000000fed00fff] reserved
Aug 08 16:54:16 nixos kernel: reserve setup_data: [mem 0x00000000fed20000-0x00000000fed7ffff] reserved
Aug 08 16:54:16 nixos kernel: reserve setup_data: [mem 0x00000000fee00000-0x00000000fee00fff] reserved
Aug 08 16:54:16 nixos kernel: reserve setup_data: [mem 0x00000000ff000000-0x00000000ffffffff] reserved
Aug 08 16:54:16 nixos kernel: reserve setup_data: [mem 0x0000000100000000-0x00000008bfffffff] usable
Aug 08 16:54:16 nixos kernel: efi: EFI v2.8 by American Megatrends
Aug 08 16:54:16 nixos kernel: efi: ACPI=0x38b54000 ACPI 2.0=0x38b54014 TPMFinalLog=0x38b21000 SMBIOS=0x39a53000 SMBIOS 3.0=0x39a52000 MEMATTR=0x319e4198 ESRT=0x33ced818 RNG=0x3895af18 INITRD=0x2f998598 TPMEventLog=0x2eaf3018 
Aug 08 16:54:16 nixos kernel: random: crng init done
Aug 08 16:54:16 nixos kernel: efi: Remove mem89: MMIO range=[0xc0000000-0xcfffffff] (256MB) from e820 map
Aug 08 16:54:16 nixos kernel: e820: remove [mem 0xc0000000-0xcfffffff] reserved
Aug 08 16:54:16 nixos kernel: efi: Not removing mem90: MMIO range=[0xfc000000-0xfc00ffff] (64KB) from e820 map
Aug 08 16:54:16 nixos kernel: efi: Not removing mem91: MMIO range=[0xfe000000-0xfe010fff] (68KB) from e820 map
Aug 08 16:54:16 nixos kernel: efi: Not removing mem92: MMIO range=[0xfec00000-0xfec00fff] (4KB) from e820 map
Aug 08 16:54:16 nixos kernel: efi: Not removing mem93: MMIO range=[0xfed00000-0xfed00fff] (4KB) from e820 map
Aug 08 16:54:16 nixos kernel: efi: Not removing mem95: MMIO range=[0xfee00000-0xfee00fff] (4KB) from e820 map
Aug 08 16:54:16 nixos kernel: efi: Remove mem96: MMIO range=[0xff000000-0xffffffff] (16MB) from e820 map
Aug 08 16:54:16 nixos kernel: e820: remove [mem 0xff000000-0xffffffff] reserved
Aug 08 16:54:16 nixos kernel: SMBIOS 3.6.0 present.
Aug 08 16:54:16 nixos kernel: DMI: Gigabyte Technology Co., Ltd. B760I AORUS PRO/B760I AORUS PRO, BIOS F10a 05/15/2024
Aug 08 16:54:16 nixos kernel: tsc: Detected 2500.000 MHz processor
Aug 08 16:54:16 nixos kernel: tsc: Detected 2496.000 MHz TSC
Aug 08 16:54:16 nixos kernel: e820: update [mem 0x00000000-0x00000fff] usable ==> reserved
Aug 08 16:54:16 nixos kernel: e820: remove [mem 0x000a0000-0x000fffff] usable
Aug 08 16:54:16 nixos kernel: last_pfn = 0x8c0000 max_arch_pfn = 0x400000000
Aug 08 16:54:16 nixos kernel: MTRR map: 5 entries (3 fixed + 2 variable; max 23), built from 10 variable MTRRs
Aug 08 16:54:16 nixos kernel: x86/PAT: Configuration [0-7]: WB  WC  UC- UC  WB  WP  UC- WT  
Aug 08 16:54:16 nixos kernel: last_pfn = 0x3a000 max_arch_pfn = 0x400000000
Aug 08 16:54:16 nixos kernel: esrt: Reserving ESRT space from 0x0000000033ced818 to 0x0000000033ced8c8.
Aug 08 16:54:16 nixos kernel: e820: update [mem 0x33ced000-0x33cedfff] usable ==> reserved
Aug 08 16:54:16 nixos kernel: Using GB pages for direct mapping
Aug 08 16:54:16 nixos kernel: Secure boot disabled
Aug 08 16:54:16 nixos kernel: RAMDISK: [mem 0x2ae99000-0x2c0cffff]
Aug 08 16:54:16 nixos kernel: ACPI: Early table checksum verification disabled
Aug 08 16:54:16 nixos kernel: ACPI: RSDP 0x0000000038B54014 000024 (v02 ALASKA)
Aug 08 16:54:16 nixos kernel: ACPI: XSDT 0x0000000038B53728 000114 (v01 ALASKA A M I    01072009 AMI  01000013)
Aug 08 16:54:16 nixos kernel: ACPI: FACP 0x0000000038ACA000 000114 (v06 ALASKA A M I    01072009 AMI  01000013)
Aug 08 16:54:16 nixos kernel: ACPI: DSDT 0x0000000038A41000 0882D3 (v02 ALASKA A M I    01072009 INTL 20200717)
Aug 08 16:54:16 nixos kernel: ACPI: FACS 0x0000000038BD6000 000040
Aug 08 16:54:16 nixos kernel: ACPI: FIDT 0x0000000038A40000 00009C (v01 ALASKA A M I    01072009 AMI  00010013)
Aug 08 16:54:16 nixos kernel: ACPI: SSDT 0x0000000038A34000 00B550 (v02 GBT    GSWApp   00000001 INTL 20200717)
Aug 08 16:54:16 nixos kernel: ACPI: HWIN 0x0000000038ACC000 0000D4 (v00 GBT    INTEL    00070000 AMI  01000013)
Aug 08 16:54:16 nixos kernel: ACPI: SSDT 0x0000000038A30000 0031C9 (v02 INTEL  DTbtSsdt 00001000 INTL 20200717)
Aug 08 16:54:16 nixos kernel: ACPI: SSDT 0x0000000038ACB000 00038C (v02 PmaxDv Pmax_Dev 00000001 INTL 20200717)
Aug 08 16:54:16 nixos kernel: ACPI: SSDT 0x0000000038A2A000 005D34 (v02 CpuRef CpuSsdt  00003000 INTL 20200717)
Aug 08 16:54:16 nixos kernel: ACPI: SSDT 0x0000000038A27000 002A81 (v02 SaSsdt SaSsdt   00003000 INTL 20200717)
Aug 08 16:54:16 nixos kernel: ACPI: SSDT 0x0000000038A23000 00334F (v02 INTEL  IgfxSsdt 00003000 INTL 20200717)
Aug 08 16:54:16 nixos kernel: ACPI: HPET 0x0000000038A22000 000038 (v01 ALASKA A M I    01072009 AMI  01000013)
Aug 08 16:54:16 nixos kernel: ACPI: APIC 0x0000000038A21000 0001DC (v05 ALASKA A M I    01072009 AMI  01000013)
Aug 08 16:54:16 nixos kernel: ACPI: MCFG 0x0000000038A20000 00003C (v01 ALASKA A M I    01072009 AMI  01000013)
Aug 08 16:54:16 nixos kernel: ACPI: SSDT 0x0000000038A17000 008595 (v02 ALASKA A M I    00001000 INTL 20200717)
Aug 08 16:54:16 nixos kernel: ACPI: SSDT 0x0000000038A15000 001F1A (v02 ALASKA A M I    00001000 INTL 20200717)
Aug 08 16:54:16 nixos kernel: ACPI: NHLT 0x0000000038A14000 00002D (v00 ALASKA A M I    01072009 AMI  01000013)
Aug 08 16:54:16 nixos kernel: ACPI: LPIT 0x0000000038A13000 0000CC (v01 ALASKA A M I    01072009 AMI  01000013)
Aug 08 16:54:16 nixos kernel: ACPI: SSDT 0x0000000038A0F000 002A83 (v02 ALASKA A M I    00001000 INTL 20200717)
Aug 08 16:54:16 nixos kernel: ACPI: SSDT 0x0000000038A05000 0092F4 (v02 ALASKA A M I    00000000 INTL 20200717)
Aug 08 16:54:16 nixos kernel: ACPI: DBGP 0x0000000038A04000 000034 (v01 ALASKA A M I    01072009 AMI  01000013)
Aug 08 16:54:16 nixos kernel: ACPI: DBG2 0x0000000038A03000 000054 (v00 ALASKA A M I    01072009 AMI  01000013)
Aug 08 16:54:16 nixos kernel: ACPI: SSDT 0x0000000038A01000 00190A (v02 ALASKA A M I    00001000 INTL 20200717)
Aug 08 16:54:16 nixos kernel: ACPI: FPDT 0x0000000038A00000 000044 (v01 ALASKA A M I    01072009 AMI  01000013)
Aug 08 16:54:16 nixos kernel: ACPI: SSDT 0x00000000389FE000 0019FA (v02 INTEL  xh_rps14 00000000 INTL 20200717)
Aug 08 16:54:16 nixos kernel: ACPI: SSDT 0x00000000389FA000 0039DA (v02 SocGpe SocGpe   00003000 INTL 20200717)
Aug 08 16:54:16 nixos kernel: ACPI: SSDT 0x00000000389F6000 0039DA (v02 SocCmn SocCmn   00003000 INTL 20200717)
Aug 08 16:54:16 nixos kernel: ACPI: BGRT 0x00000000389F5000 000038 (v01 ALASKA A M I    01072009 AMI  00010013)
Aug 08 16:54:16 nixos kernel: ACPI: WPBT 0x000000003895D000 000034 (v01 ALASKA A M I    00000001 GBT  20221021)
Aug 08 16:54:16 nixos kernel: ACPI: PHAT 0x000000003895C000 00083C (v01 ALASKA A M I    00000005 MSFT 0100000D)
Aug 08 16:54:16 nixos kernel: ACPI: TPM2 0x000000003895B000 00004C (v04 ALASKA A M I    00000001 AMI  00000000)
Aug 08 16:54:16 nixos kernel: ACPI: WSMT 0x0000000038A12000 000028 (v01 ALASKA A M I    01072009 AMI  00010013)
Aug 08 16:54:16 nixos kernel: ACPI: Reserving FACP table memory at [mem 0x38aca000-0x38aca113]
Aug 08 16:54:16 nixos kernel: ACPI: Reserving DSDT table memory at [mem 0x38a41000-0x38ac92d2]
Aug 08 16:54:16 nixos kernel: ACPI: Reserving FACS table memory at [mem 0x38bd6000-0x38bd603f]
Aug 08 16:54:16 nixos kernel: ACPI: Reserving FIDT table memory at [mem 0x38a40000-0x38a4009b]
Aug 08 16:54:16 nixos kernel: ACPI: Reserving SSDT table memory at [mem 0x38a34000-0x38a3f54f]
Aug 08 16:54:16 nixos kernel: ACPI: Reserving HWIN table memory at [mem 0x38acc000-0x38acc0d3]
Aug 08 16:54:16 nixos kernel: ACPI: Reserving SSDT table memory at [mem 0x38a30000-0x38a331c8]
Aug 08 16:54:16 nixos kernel: ACPI: Reserving SSDT table memory at [mem 0x38acb000-0x38acb38b]
Aug 08 16:54:16 nixos kernel: ACPI: Reserving SSDT table memory at [mem 0x38a2a000-0x38a2fd33]
Aug 08 16:54:16 nixos kernel: ACPI: Reserving SSDT table memory at [mem 0x38a27000-0x38a29a80]
Aug 08 16:54:16 nixos kernel: ACPI: Reserving SSDT table memory at [mem 0x38a23000-0x38a2634e]
Aug 08 16:54:16 nixos kernel: ACPI: Reserving HPET table memory at [mem 0x38a22000-0x38a22037]
Aug 08 16:54:16 nixos kernel: ACPI: Reserving APIC table memory at [mem 0x38a21000-0x38a211db]
Aug 08 16:54:16 nixos kernel: ACPI: Reserving MCFG table memory at [mem 0x38a20000-0x38a2003b]
Aug 08 16:54:16 nixos kernel: ACPI: Reserving SSDT table memory at [mem 0x38a17000-0x38a1f594]
Aug 08 16:54:16 nixos kernel: ACPI: Reserving SSDT table memory at [mem 0x38a15000-0x38a16f19]
Aug 08 16:54:16 nixos kernel: ACPI: Reserving NHLT table memory at [mem 0x38a14000-0x38a1402c]
Aug 08 16:54:16 nixos kernel: ACPI: Reserving LPIT table memory at [mem 0x38a13000-0x38a130cb]
Aug 08 16:54:16 nixos kernel: ACPI: Reserving SSDT table memory at [mem 0x38a0f000-0x38a11a82]
Aug 08 16:54:16 nixos kernel: ACPI: Reserving SSDT table memory at [mem 0x38a05000-0x38a0e2f3]
Aug 08 16:54:16 nixos kernel: ACPI: Reserving DBGP table memory at [mem 0x38a04000-0x38a04033]
Aug 08 16:54:16 nixos kernel: ACPI: Reserving DBG2 table memory at [mem 0x38a03000-0x38a03053]
Aug 08 16:54:16 nixos kernel: ACPI: Reserving SSDT table memory at [mem 0x38a01000-0x38a02909]
Aug 08 16:54:16 nixos kernel: ACPI: Reserving FPDT table memory at [mem 0x38a00000-0x38a00043]
Aug 08 16:54:16 nixos kernel: ACPI: Reserving SSDT table memory at [mem 0x389fe000-0x389ff9f9]
Aug 08 16:54:16 nixos kernel: ACPI: Reserving SSDT table memory at [mem 0x389fa000-0x389fd9d9]
Aug 08 16:54:16 nixos kernel: ACPI: Reserving SSDT table memory at [mem 0x389f6000-0x389f99d9]
Aug 08 16:54:16 nixos kernel: ACPI: Reserving BGRT table memory at [mem 0x389f5000-0x389f5037]
Aug 08 16:54:16 nixos kernel: ACPI: Reserving WPBT table memory at [mem 0x3895d000-0x3895d033]
Aug 08 16:54:16 nixos kernel: ACPI: Reserving PHAT table memory at [mem 0x3895c000-0x3895c83b]
Aug 08 16:54:16 nixos kernel: ACPI: Reserving TPM2 table memory at [mem 0x3895b000-0x3895b04b]
Aug 08 16:54:16 nixos kernel: ACPI: Reserving WSMT table memory at [mem 0x38a12000-0x38a12027]
Aug 08 16:54:16 nixos kernel: No NUMA configuration found
Aug 08 16:54:16 nixos kernel: Faking a node at [mem 0x0000000000000000-0x00000008bfffffff]
Aug 08 16:54:16 nixos kernel: NODE_DATA(0) allocated [mem 0x8bfffa000-0x8bfffffff]
Aug 08 16:54:16 nixos kernel: Zone ranges:
Aug 08 16:54:16 nixos kernel:   DMA      [mem 0x0000000000001000-0x0000000000ffffff]
Aug 08 16:54:16 nixos kernel:   DMA32    [mem 0x0000000001000000-0x00000000ffffffff]
Aug 08 16:54:16 nixos kernel:   Normal   [mem 0x0000000100000000-0x00000008bfffffff]
Aug 08 16:54:16 nixos kernel:   Device   empty
Aug 08 16:54:16 nixos kernel: Movable zone start for each node
Aug 08 16:54:16 nixos kernel: Early memory node ranges
Aug 08 16:54:16 nixos kernel:   node   0: [mem 0x0000000000001000-0x000000000009dfff]
Aug 08 16:54:16 nixos kernel:   node   0: [mem 0x000000000009f000-0x000000000009ffff]
Aug 08 16:54:16 nixos kernel:   node   0: [mem 0x0000000000100000-0x0000000034f92fff]
Aug 08 16:54:16 nixos kernel:   node   0: [mem 0x0000000034f94000-0x00000000357fefff]
Aug 08 16:54:16 nixos kernel:   node   0: [mem 0x0000000039fff000-0x0000000039ffffff]
Aug 08 16:54:16 nixos kernel:   node   0: [mem 0x0000000100000000-0x00000008bfffffff]
Aug 08 16:54:16 nixos kernel: Initmem setup node 0 [mem 0x0000000000001000-0x00000008bfffffff]
Aug 08 16:54:16 nixos kernel: On node 0, zone DMA: 1 pages in unavailable ranges
Aug 08 16:54:16 nixos kernel: On node 0, zone DMA: 1 pages in unavailable ranges
Aug 08 16:54:16 nixos kernel: On node 0, zone DMA: 96 pages in unavailable ranges
Aug 08 16:54:16 nixos kernel: On node 0, zone DMA32: 1 pages in unavailable ranges
Aug 08 16:54:16 nixos kernel: On node 0, zone DMA32: 18432 pages in unavailable ranges
Aug 08 16:54:16 nixos kernel: On node 0, zone Normal: 24576 pages in unavailable ranges
Aug 08 16:54:16 nixos kernel: ACPI: PM-Timer IO Port: 0x1808
Aug 08 16:54:16 nixos kernel: ACPI: LAPIC_NMI (acpi_id[0x01] high edge lint[0x1])
Aug 08 16:54:16 nixos kernel: ACPI: LAPIC_NMI (acpi_id[0x02] high edge lint[0x1])
Aug 08 16:54:16 nixos kernel: ACPI: LAPIC_NMI (acpi_id[0x03] high edge lint[0x1])
Aug 08 16:54:16 nixos kernel: ACPI: LAPIC_NMI (acpi_id[0x04] high edge lint[0x1])
Aug 08 16:54:16 nixos kernel: ACPI: LAPIC_NMI (acpi_id[0x05] high edge lint[0x1])
Aug 08 16:54:16 nixos kernel: ACPI: LAPIC_NMI (acpi_id[0x06] high edge lint[0x1])
Aug 08 16:54:16 nixos kernel: ACPI: LAPIC_NMI (acpi_id[0x07] high edge lint[0x1])
Aug 08 16:54:16 nixos kernel: ACPI: LAPIC_NMI (acpi_id[0x08] high edge lint[0x1])
Aug 08 16:54:16 nixos kernel: ACPI: LAPIC_NMI (acpi_id[0x09] high edge lint[0x1])
Aug 08 16:54:16 nixos kernel: ACPI: LAPIC_NMI (acpi_id[0x0a] high edge lint[0x1])
Aug 08 16:54:16 nixos kernel: ACPI: LAPIC_NMI (acpi_id[0x0b] high edge lint[0x1])
Aug 08 16:54:16 nixos kernel: ACPI: LAPIC_NMI (acpi_id[0x0c] high edge lint[0x1])
Aug 08 16:54:16 nixos kernel: ACPI: LAPIC_NMI (acpi_id[0x0d] high edge lint[0x1])
Aug 08 16:54:16 nixos kernel: ACPI: LAPIC_NMI (acpi_id[0x0e] high edge lint[0x1])
Aug 08 16:54:16 nixos kernel: ACPI: LAPIC_NMI (acpi_id[0x0f] high edge lint[0x1])
Aug 08 16:54:16 nixos kernel: ACPI: LAPIC_NMI (acpi_id[0x10] high edge lint[0x1])
Aug 08 16:54:16 nixos kernel: ACPI: LAPIC_NMI (acpi_id[0x11] high edge lint[0x1])
Aug 08 16:54:16 nixos kernel: ACPI: LAPIC_NMI (acpi_id[0x12] high edge lint[0x1])
Aug 08 16:54:16 nixos kernel: ACPI: LAPIC_NMI (acpi_id[0x13] high edge lint[0x1])
Aug 08 16:54:16 nixos kernel: ACPI: LAPIC_NMI (acpi_id[0x14] high edge lint[0x1])
Aug 08 16:54:16 nixos kernel: ACPI: LAPIC_NMI (acpi_id[0x15] high edge lint[0x1])
Aug 08 16:54:16 nixos kernel: ACPI: LAPIC_NMI (acpi_id[0x16] high edge lint[0x1])
Aug 08 16:54:16 nixos kernel: ACPI: LAPIC_NMI (acpi_id[0x17] high edge lint[0x1])
Aug 08 16:54:16 nixos kernel: ACPI: LAPIC_NMI (acpi_id[0x00] high edge lint[0x1])
Aug 08 16:54:16 nixos kernel: IOAPIC[0]: apic_id 2, version 32, address 0xfec00000, GSI 0-119
Aug 08 16:54:16 nixos kernel: ACPI: INT_SRC_OVR (bus 0 bus_irq 0 global_irq 2 dfl dfl)
Aug 08 16:54:16 nixos kernel: ACPI: INT_SRC_OVR (bus 0 bus_irq 9 global_irq 9 high level)
Aug 08 16:54:16 nixos kernel: ACPI: Using ACPI (MADT) for SMP configuration information
Aug 08 16:54:16 nixos kernel: ACPI: HPET id: 0x8086a201 base: 0xfed00000
Aug 08 16:54:16 nixos kernel: e820: update [mem 0x2fa25000-0x2fae6fff] usable ==> reserved
Aug 08 16:54:16 nixos kernel: TSC deadline timer available
Aug 08 16:54:16 nixos kernel: smpboot: Allowing 16 CPUs, 0 hotplug CPUs
Aug 08 16:54:16 nixos kernel: PM: hibernation: Registered nosave memory: [mem 0x00000000-0x00000fff]
Aug 08 16:54:16 nixos kernel: PM: hibernation: Registered nosave memory: [mem 0x0009e000-0x0009efff]
Aug 08 16:54:16 nixos kernel: PM: hibernation: Registered nosave memory: [mem 0x000a0000-0x000fffff]
Aug 08 16:54:16 nixos kernel: PM: hibernation: Registered nosave memory: [mem 0x2d665000-0x2d665fff]
Aug 08 16:54:16 nixos kernel: PM: hibernation: Registered nosave memory: [mem 0x2d68a000-0x2d68afff]
Aug 08 16:54:16 nixos kernel: PM: hibernation: Registered nosave memory: [mem 0x2eae3000-0x2eae3fff]
Aug 08 16:54:16 nixos kernel: PM: hibernation: Registered nosave memory: [mem 0x2eaf2000-0x2eaf2fff]
Aug 08 16:54:16 nixos kernel: PM: hibernation: Registered nosave memory: [mem 0x2fa25000-0x2fae6fff]
Aug 08 16:54:16 nixos kernel: PM: hibernation: Registered nosave memory: [mem 0x33ced000-0x33cedfff]
Aug 08 16:54:16 nixos kernel: PM: hibernation: Registered nosave memory: [mem 0x34f93000-0x34f93fff]
Aug 08 16:54:16 nixos kernel: PM: hibernation: Registered nosave memory: [mem 0x357ff000-0x388fefff]
Aug 08 16:54:16 nixos kernel: PM: hibernation: Registered nosave memory: [mem 0x388ff000-0x38accfff]
Aug 08 16:54:16 nixos kernel: PM: hibernation: Registered nosave memory: [mem 0x38acd000-0x38bd6fff]
Aug 08 16:54:16 nixos kernel: PM: hibernation: Registered nosave memory: [mem 0x38bd7000-0x39ffefff]
Aug 08 16:54:16 nixos kernel: PM: hibernation: Registered nosave memory: [mem 0x3a000000-0x3dffffff]
Aug 08 16:54:16 nixos kernel: PM: hibernation: Registered nosave memory: [mem 0x3e000000-0x3edfffff]
Aug 08 16:54:16 nixos kernel: PM: hibernation: Registered nosave memory: [mem 0x3ee00000-0x3fffffff]
Aug 08 16:54:16 nixos kernel: PM: hibernation: Registered nosave memory: [mem 0x40000000-0xfbffffff]
Aug 08 16:54:16 nixos kernel: PM: hibernation: Registered nosave memory: [mem 0xfc000000-0xfc00ffff]
Aug 08 16:54:16 nixos kernel: PM: hibernation: Registered nosave memory: [mem 0xfc010000-0xfdffffff]
Aug 08 16:54:16 nixos kernel: PM: hibernation: Registered nosave memory: [mem 0xfe000000-0xfe010fff]
Aug 08 16:54:16 nixos kernel: PM: hibernation: Registered nosave memory: [mem 0xfe011000-0xfebfffff]
Aug 08 16:54:16 nixos kernel: PM: hibernation: Registered nosave memory: [mem 0xfec00000-0xfec00fff]
Aug 08 16:54:16 nixos kernel: PM: hibernation: Registered nosave memory: [mem 0xfec01000-0xfecfffff]
Aug 08 16:54:16 nixos kernel: PM: hibernation: Registered nosave memory: [mem 0xfed00000-0xfed00fff]
Aug 08 16:54:16 nixos kernel: PM: hibernation: Registered nosave memory: [mem 0xfed01000-0xfed1ffff]
Aug 08 16:54:16 nixos kernel: PM: hibernation: Registered nosave memory: [mem 0xfed20000-0xfed7ffff]
Aug 08 16:54:16 nixos kernel: PM: hibernation: Registered nosave memory: [mem 0xfed80000-0xfedfffff]
Aug 08 16:54:16 nixos kernel: PM: hibernation: Registered nosave memory: [mem 0xfee00000-0xfee00fff]
Aug 08 16:54:16 nixos kernel: PM: hibernation: Registered nosave memory: [mem 0xfee01000-0xffffffff]
Aug 08 16:54:16 nixos kernel: [mem 0x40000000-0xfbffffff] available for PCI devices
Aug 08 16:54:16 nixos kernel: Booting paravirtualized kernel on bare hardware
Aug 08 16:54:16 nixos kernel: clocksource: refined-jiffies: mask: 0xffffffff max_cycles: 0xffffffff, max_idle_ns: 1910969940391419 ns
Aug 08 16:54:16 nixos kernel: setup_percpu: NR_CPUS:384 nr_cpumask_bits:16 nr_cpu_ids:16 nr_node_ids:1
Aug 08 16:54:16 nixos kernel: percpu: Embedded 84 pages/cpu s221184 r8192 d114688 u524288
Aug 08 16:54:16 nixos kernel: pcpu-alloc: s221184 r8192 d114688 u524288 alloc=1*2097152
Aug 08 16:54:16 nixos kernel: pcpu-alloc: [0] 00 01 02 03 [0] 04 05 06 07 
Aug 08 16:54:16 nixos kernel: pcpu-alloc: [0] 08 09 10 11 [0] 12 13 14 15 
Aug 08 16:54:16 nixos kernel: Kernel command line: initrd=\EFI\nixos\3ciil6y3mql5z2rzs8g05cx9y1lfx626-initrd-linux-6.6.44-initrd.efi init=/nix/store/h45zbsn497db48jprvdbxvrqp5zkbqz2-nixos-system-nixos-24.11pre662544.cb9a96f23c49/init loglevel=4 nvidia-drm.modeset=1 nvidia-drm.fbdev=1 nvidia.NVreg_PreserveVideoMemoryAllocations=1
Aug 08 16:54:16 nixos kernel: Dentry cache hash table entries: 4194304 (order: 13, 33554432 bytes, linear)
Aug 08 16:54:16 nixos kernel: Inode-cache hash table entries: 2097152 (order: 12, 16777216 bytes, linear)
Aug 08 16:54:16 nixos kernel: Fallback order for Node 0: 0 
Aug 08 16:54:16 nixos kernel: Built 1 zonelists, mobility grouping on.  Total pages: 8214943
Aug 08 16:54:16 nixos kernel: Policy zone: Normal
Aug 08 16:54:16 nixos kernel: mem auto-init: stack:all(zero), heap alloc:on, heap free:off
Aug 08 16:54:16 nixos kernel: software IO TLB: area num 16.
Aug 08 16:54:16 nixos kernel: Memory: 32597224K/33382004K available (16384K kernel code, 2366K rwdata, 10840K rodata, 3116K init, 4492K bss, 784524K reserved, 0K cma-reserved)
Aug 08 16:54:16 nixos kernel: SLUB: HWalign=64, Order=0-3, MinObjects=0, CPUs=16, Nodes=1
Aug 08 16:54:16 nixos kernel: ftrace: allocating 42838 entries in 168 pages
Aug 08 16:54:16 nixos kernel: ftrace: allocated 168 pages with 3 groups
Aug 08 16:54:16 nixos kernel: Dynamic Preempt: voluntary
Aug 08 16:54:16 nixos kernel: rcu: Preemptible hierarchical RCU implementation.
Aug 08 16:54:16 nixos kernel: rcu:         RCU event tracing is enabled.
Aug 08 16:54:16 nixos kernel: rcu:         RCU restricting CPUs from NR_CPUS=384 to nr_cpu_ids=16.
Aug 08 16:54:16 nixos kernel:         Trampoline variant of Tasks RCU enabled.
Aug 08 16:54:16 nixos kernel:         Rude variant of Tasks RCU enabled.
Aug 08 16:54:16 nixos kernel:         Tracing variant of Tasks RCU enabled.
Aug 08 16:54:16 nixos kernel: rcu: RCU calculated value of scheduler-enlistment delay is 100 jiffies.
Aug 08 16:54:16 nixos kernel: rcu: Adjusting geometry for rcu_fanout_leaf=16, nr_cpu_ids=16
Aug 08 16:54:16 nixos kernel: NR_IRQS: 24832, nr_irqs: 2184, preallocated irqs: 16
Aug 08 16:54:16 nixos kernel: rcu: srcu_init: Setting srcu_struct sizes based on contention.
Aug 08 16:54:16 nixos kernel: kfence: initialized - using 2097152 bytes for 255 objects at 0x(____ptrval____)-0x(____ptrval____)
Aug 08 16:54:16 nixos kernel: Console: colour dummy device 80x25
Aug 08 16:54:16 nixos kernel: printk: console [tty0] enabled
Aug 08 16:54:16 nixos kernel: ACPI: Core revision 20230628
Aug 08 16:54:16 nixos kernel: clocksource: hpet: mask: 0xffffffff max_cycles: 0xffffffff, max_idle_ns: 99544814920 ns
Aug 08 16:54:16 nixos kernel: APIC: Switch to symmetric I/O mode setup
Aug 08 16:54:16 nixos kernel: x2apic: IRQ remapping doesn't support X2APIC mode
Aug 08 16:54:16 nixos kernel: APIC: Switched APIC routing to: physical flat
Aug 08 16:54:16 nixos kernel: ..TIMER: vector=0x30 apic1=0 pin1=2 apic2=-1 pin2=-1
Aug 08 16:54:16 nixos kernel: clocksource: tsc-early: mask: 0xffffffffffffffff max_cycles: 0x23fa772cf26, max_idle_ns: 440795269835 ns
Aug 08 16:54:16 nixos kernel: Calibrating delay loop (skipped), value calculated using timer frequency.. 4992.00 BogoMIPS (lpj=2496000)
Aug 08 16:54:16 nixos kernel: CPU0: Thermal monitoring enabled (TM1)
Aug 08 16:54:16 nixos kernel: x86/cpu: User Mode Instruction Prevention (UMIP) activated
Aug 08 16:54:16 nixos kernel: process: using mwait in idle threads
Aug 08 16:54:16 nixos kernel: CET detected: Indirect Branch Tracking enabled
Aug 08 16:54:16 nixos kernel: Last level iTLB entries: 4KB 0, 2MB 0, 4MB 0
Aug 08 16:54:16 nixos kernel: Last level dTLB entries: 4KB 0, 2MB 0, 4MB 0, 1GB 0
Aug 08 16:54:16 nixos kernel: Spectre V1 : Mitigation: usercopy/swapgs barriers and __user pointer sanitization
Aug 08 16:54:16 nixos kernel: Spectre V2 : Mitigation: Enhanced / Automatic IBRS
Aug 08 16:54:16 nixos kernel: Spectre V2 : Spectre v2 / SpectreRSB mitigation: Filling RSB on context switch
Aug 08 16:54:16 nixos kernel: Spectre V2 : Spectre v2 / PBRSB-eIBRS: Retire a single CALL on VMEXIT
Aug 08 16:54:16 nixos kernel: Spectre V2 : mitigation: Enabling conditional Indirect Branch Prediction Barrier
Aug 08 16:54:16 nixos kernel: Speculative Store Bypass: Mitigation: Speculative Store Bypass disabled via prctl
Aug 08 16:54:16 nixos kernel: Register File Data Sampling: Mitigation: Clear Register File
Aug 08 16:54:16 nixos kernel: x86/fpu: Supporting XSAVE feature 0x001: 'x87 floating point registers'
Aug 08 16:54:16 nixos kernel: x86/fpu: Supporting XSAVE feature 0x002: 'SSE registers'
Aug 08 16:54:16 nixos kernel: x86/fpu: Supporting XSAVE feature 0x004: 'AVX registers'
Aug 08 16:54:16 nixos kernel: x86/fpu: Supporting XSAVE feature 0x200: 'Protection Keys User registers'
Aug 08 16:54:16 nixos kernel: x86/fpu: Supporting XSAVE feature 0x800: 'Control-flow User registers'
Aug 08 16:54:16 nixos kernel: x86/fpu: xstate_offset[2]:  576, xstate_sizes[2]:  256
Aug 08 16:54:16 nixos kernel: x86/fpu: xstate_offset[9]:  832, xstate_sizes[9]:    8
Aug 08 16:54:16 nixos kernel: x86/fpu: xstate_offset[11]:  840, xstate_sizes[11]:   16
Aug 08 16:54:16 nixos kernel: x86/fpu: Enabled xstate features 0xa07, context size is 856 bytes, using 'compacted' format.
Aug 08 16:54:16 nixos kernel: Freeing SMP alternatives memory: 36K
Aug 08 16:54:16 nixos kernel: pid_max: default: 32768 minimum: 301
Aug 08 16:54:16 nixos kernel: LSM: initializing lsm=capability,landlock,yama,selinux,bpf,integrity
Aug 08 16:54:16 nixos kernel: landlock: Up and running.
Aug 08 16:54:16 nixos kernel: Yama: becoming mindful.
Aug 08 16:54:16 nixos kernel: SELinux:  Initializing.
Aug 08 16:54:16 nixos kernel: LSM support for eBPF active
Aug 08 16:54:16 nixos kernel: Mount-cache hash table entries: 65536 (order: 7, 524288 bytes, linear)
Aug 08 16:54:16 nixos kernel: Mountpoint-cache hash table entries: 65536 (order: 7, 524288 bytes, linear)
Aug 08 16:54:16 nixos kernel: smpboot: CPU0: Intel(R) Core(TM) i5-14400F (family: 0x6, model: 0xbf, stepping: 0x2)
Aug 08 16:54:16 nixos kernel: RCU Tasks: Setting shift to 4 and lim to 1 rcu_task_cb_adjust=1.
Aug 08 16:54:16 nixos kernel: RCU Tasks Rude: Setting shift to 4 and lim to 1 rcu_task_cb_adjust=1.
Aug 08 16:54:16 nixos kernel: RCU Tasks Trace: Setting shift to 4 and lim to 1 rcu_task_cb_adjust=1.
Aug 08 16:54:16 nixos kernel: Performance Events: XSAVE Architectural LBR, PEBS fmt4+-baseline,  AnyThread deprecated, Alderlake Hybrid events, 32-deep LBR, full-width counters, Intel PMU driver.
Aug 08 16:54:16 nixos kernel: core: cpu_core PMU driver: 
Aug 08 16:54:16 nixos kernel: ... version:                5
Aug 08 16:54:16 nixos kernel: ... bit width:              48
Aug 08 16:54:16 nixos kernel: ... generic registers:      8
Aug 08 16:54:16 nixos kernel: ... value mask:             0000ffffffffffff
Aug 08 16:54:16 nixos kernel: ... max period:             00007fffffffffff
Aug 08 16:54:16 nixos kernel: ... fixed-purpose events:   4
Aug 08 16:54:16 nixos kernel: ... event mask:             0001000f000000ff
Aug 08 16:54:16 nixos kernel: signal: max sigframe size: 3632
Aug 08 16:54:16 nixos kernel: Estimated ratio of average max frequency by base frequency (times 1024): 1884
Aug 08 16:54:16 nixos kernel: rcu: Hierarchical SRCU implementation.
Aug 08 16:54:16 nixos kernel: rcu:         Max phase no-delay instances is 400.
Aug 08 16:54:16 nixos kernel: NMI watchdog: Enabled. Permanently consumes one hw-PMU counter.
Aug 08 16:54:16 nixos kernel: smp: Bringing up secondary CPUs ...
Aug 08 16:54:16 nixos kernel: smpboot: x86: Booting SMP configuration:
Aug 08 16:54:16 nixos kernel: .... node  #0, CPUs:        #2  #4  #6  #8 #10 #12 #13 #14 #15
Aug 08 16:54:16 nixos kernel: core: cpu_atom PMU driver: PEBS-via-PT 
Aug 08 16:54:16 nixos kernel: ... version:                5
Aug 08 16:54:16 nixos kernel: ... bit width:              48
Aug 08 16:54:16 nixos kernel: ... generic registers:      6
Aug 08 16:54:16 nixos kernel: ... value mask:             0000ffffffffffff
Aug 08 16:54:16 nixos kernel: ... max period:             00007fffffffffff
Aug 08 16:54:16 nixos kernel: ... fixed-purpose events:   3
Aug 08 16:54:16 nixos kernel: ... event mask:             000000070000003f
Aug 08 16:54:16 nixos kernel:   #1  #3  #5  #7  #9 #11
Aug 08 16:54:16 nixos kernel: smp: Brought up 1 node, 16 CPUs
Aug 08 16:54:16 nixos kernel: smpboot: Max logical packages: 1
Aug 08 16:54:16 nixos kernel: smpboot: Total of 16 processors activated (79872.00 BogoMIPS)
Aug 08 16:54:16 nixos kernel: devtmpfs: initialized
Aug 08 16:54:16 nixos kernel: x86/mm: Memory block size: 128MB
Aug 08 16:54:16 nixos kernel: ACPI: PM: Registering ACPI NVS region [mem 0x38acd000-0x38bd6fff] (1089536 bytes)
Aug 08 16:54:16 nixos kernel: clocksource: jiffies: mask: 0xffffffff max_cycles: 0xffffffff, max_idle_ns: 1911260446275000 ns
Aug 08 16:54:16 nixos kernel: futex hash table entries: 4096 (order: 6, 262144 bytes, linear)
Aug 08 16:54:16 nixos kernel: pinctrl core: initialized pinctrl subsystem
Aug 08 16:54:16 nixos kernel: PM: RTC time: 08:54:14, date: 2024-08-08
Aug 08 16:54:16 nixos kernel: NET: Registered PF_NETLINK/PF_ROUTE protocol family
Aug 08 16:54:16 nixos kernel: DMA: preallocated 4096 KiB GFP_KERNEL pool for atomic allocations
Aug 08 16:54:16 nixos kernel: DMA: preallocated 4096 KiB GFP_KERNEL|GFP_DMA pool for atomic allocations
Aug 08 16:54:16 nixos kernel: DMA: preallocated 4096 KiB GFP_KERNEL|GFP_DMA32 pool for atomic allocations
Aug 08 16:54:16 nixos kernel: audit: initializing netlink subsys (disabled)
Aug 08 16:54:16 nixos kernel: audit: type=2000 audit(1723107254.044:1): state=initialized audit_enabled=0 res=1
Aug 08 16:54:16 nixos kernel: thermal_sys: Registered thermal governor 'bang_bang'
Aug 08 16:54:16 nixos kernel: thermal_sys: Registered thermal governor 'step_wise'
Aug 08 16:54:16 nixos kernel: thermal_sys: Registered thermal governor 'user_space'
Aug 08 16:54:16 nixos kernel: cpuidle: using governor menu
Aug 08 16:54:16 nixos kernel: ACPI FADT declares the system doesn't support PCIe ASPM, so disable it
Aug 08 16:54:16 nixos kernel: acpiphp: ACPI Hot Plug PCI Controller Driver version: 0.5
Aug 08 16:54:16 nixos kernel: PCI: MMCONFIG for domain 0000 [bus 00-ff] at [mem 0xc0000000-0xcfffffff] (base 0xc0000000)
Aug 08 16:54:16 nixos kernel: PCI: Using configuration type 1 for base access
Aug 08 16:54:16 nixos kernel: kprobes: kprobe jump-optimization is enabled. All kprobes are optimized if possible.
Aug 08 16:54:16 nixos kernel: HugeTLB: registered 1.00 GiB page size, pre-allocated 0 pages
Aug 08 16:54:16 nixos kernel: HugeTLB: 16380 KiB vmemmap can be freed for a 1.00 GiB page
Aug 08 16:54:16 nixos kernel: HugeTLB: registered 2.00 MiB page size, pre-allocated 0 pages
Aug 08 16:54:16 nixos kernel: HugeTLB: 28 KiB vmemmap can be freed for a 2.00 MiB page
Aug 08 16:54:16 nixos kernel: ACPI: Added _OSI(Module Device)
Aug 08 16:54:16 nixos kernel: ACPI: Added _OSI(Processor Device)
Aug 08 16:54:16 nixos kernel: ACPI: Added _OSI(3.0 _SCP Extensions)
Aug 08 16:54:16 nixos kernel: ACPI: Added _OSI(Processor Aggregator Device)
Aug 08 16:54:16 nixos kernel: ACPI: 15 ACPI AML tables successfully acquired and loaded
Aug 08 16:54:16 nixos kernel: ACPI: Dynamic OEM Table Load:
Aug 08 16:54:16 nixos kernel: ACPI: SSDT 0xFFFF888101183400 000394 (v02 PmRef  Cpu0Cst  00003001 INTL 20200717)
Aug 08 16:54:16 nixos kernel: ACPI: Dynamic OEM Table Load:
Aug 08 16:54:16 nixos kernel: ACPI: SSDT 0xFFFF888101EE9000 000560 (v02 PmRef  Cpu0Ist  00003000 INTL 20200717)
Aug 08 16:54:16 nixos kernel: ACPI: Dynamic OEM Table Load:
Aug 08 16:54:16 nixos kernel: ACPI: SSDT 0xFFFF888101E7B200 0001AB (v02 PmRef  Cpu0Psd  00003000 INTL 20200717)
Aug 08 16:54:16 nixos kernel: ACPI: Dynamic OEM Table Load:
Aug 08 16:54:16 nixos kernel: ACPI: SSDT 0xFFFF888101EEC800 0004B5 (v02 PmRef  Cpu0Hwp  00003000 INTL 20200717)
Aug 08 16:54:16 nixos kernel: ACPI: Dynamic OEM Table Load:
Aug 08 16:54:16 nixos kernel: ACPI: SSDT 0xFFFF888102470000 001BAF (v02 PmRef  ApIst    00003000 INTL 20200717)
Aug 08 16:54:16 nixos kernel: ACPI: Dynamic OEM Table Load:
Aug 08 16:54:16 nixos kernel: ACPI: SSDT 0xFFFF888102472000 001038 (v02 PmRef  ApHwp    00003000 INTL 20200717)
Aug 08 16:54:16 nixos kernel: ACPI: Dynamic OEM Table Load:
Aug 08 16:54:16 nixos kernel: ACPI: SSDT 0xFFFF888102476000 001349 (v02 PmRef  ApPsd    00003000 INTL 20200717)
Aug 08 16:54:16 nixos kernel: ACPI: Dynamic OEM Table Load:
Aug 08 16:54:16 nixos kernel: ACPI: SSDT 0xFFFF888102504000 000FBB (v02 PmRef  ApCst    00003000 INTL 20200717)
Aug 08 16:54:16 nixos kernel: ACPI: _OSC evaluated successfully for all CPUs
Aug 08 16:54:16 nixos kernel: ACPI: Interpreter enabled
Aug 08 16:54:16 nixos kernel: ACPI: PM: (supports S0 S3 S4 S5)
Aug 08 16:54:16 nixos kernel: ACPI: Using IOAPIC for interrupt routing
Aug 08 16:54:16 nixos kernel: PCI: Using host bridge windows from ACPI; if necessary, use "pci=nocrs" and report a bug
Aug 08 16:54:16 nixos kernel: PCI: Ignoring E820 reservations for host bridge windows
Aug 08 16:54:16 nixos kernel: ACPI: Enabled 7 GPEs in block 00 to 7F
Aug 08 16:54:16 nixos kernel: ACPI: \_SB_.PC00.XHCI.RHUB.HS14.BTRT: New power resource
Aug 08 16:54:16 nixos kernel: ACPI: \_SB_.PC00.PAUD: New power resource
Aug 08 16:54:16 nixos kernel: ACPI: \_SB_.PC00.I2C1.PXTC: New power resource
Aug 08 16:54:16 nixos kernel: ACPI: \_SB_.PC00.CNVW.WRST: New power resource
Aug 08 16:54:16 nixos kernel: ACPI: \_TZ_.FN00: New power resource
Aug 08 16:54:16 nixos kernel: ACPI: \_TZ_.FN01: New power resource
Aug 08 16:54:16 nixos kernel: ACPI: \_TZ_.FN02: New power resource
Aug 08 16:54:16 nixos kernel: ACPI: \_TZ_.FN03: New power resource
Aug 08 16:54:16 nixos kernel: ACPI: \_TZ_.FN04: New power resource
Aug 08 16:54:16 nixos kernel: ACPI: \PIN_: New power resource
Aug 08 16:54:16 nixos kernel: ACPI: \SPR4: New power resource
Aug 08 16:54:16 nixos kernel: ACPI: \SPR5: New power resource
Aug 08 16:54:16 nixos kernel: ACPI: \SPR6: New power resource
Aug 08 16:54:16 nixos kernel: ACPI: PCI Root Bridge [PC00] (domain 0000 [bus 00-fe])
Aug 08 16:54:16 nixos kernel: acpi PNP0A08:00: _OSC: OS supports [ExtendedConfig ASPM ClockPM Segments MSI HPX-Type3]
Aug 08 16:54:16 nixos kernel: acpi PNP0A08:00: _OSC: OS now controls [PCIeHotplug PME PCIeCapability LTR]
Aug 08 16:54:16 nixos kernel: acpi PNP0A08:00: FADT indicates ASPM is unsupported, using BIOS configuration
Aug 08 16:54:16 nixos kernel: PCI host bridge to bus 0000:00
Aug 08 16:54:16 nixos kernel: pci_bus 0000:00: root bus resource [io  0x0000-0x0cf7 window]
Aug 08 16:54:16 nixos kernel: pci_bus 0000:00: root bus resource [io  0x0d00-0xffff window]
Aug 08 16:54:16 nixos kernel: pci_bus 0000:00: root bus resource [mem 0x000a0000-0x000bffff window]
Aug 08 16:54:16 nixos kernel: pci_bus 0000:00: root bus resource [mem 0x000e0000-0x000fffff window]
Aug 08 16:54:16 nixos kernel: pci_bus 0000:00: root bus resource [mem 0x40000000-0xbfffffff window]
Aug 08 16:54:16 nixos kernel: pci_bus 0000:00: root bus resource [mem 0x4000000000-0x7fffffffff window]
Aug 08 16:54:16 nixos kernel: pci_bus 0000:00: root bus resource [bus 00-fe]
Aug 08 16:54:16 nixos kernel: pci 0000:00:00.0: [8086:4648] type 00 class 0x060000
Aug 08 16:54:16 nixos kernel: pci 0000:00:01.0: [8086:460d] type 01 class 0x060400
Aug 08 16:54:16 nixos kernel: pci 0000:00:01.0: PME# supported from D0 D3hot D3cold
Aug 08 16:54:16 nixos kernel: pci 0000:00:06.0: [8086:464d] type 01 class 0x060400
Aug 08 16:54:16 nixos kernel: pci 0000:00:06.0: PME# supported from D0 D3hot D3cold
Aug 08 16:54:16 nixos kernel: pci 0000:00:14.0: [8086:7a60] type 00 class 0x0c0330
Aug 08 16:54:16 nixos kernel: pci 0000:00:14.0: reg 0x10: [mem 0x4202100000-0x420210ffff 64bit]
Aug 08 16:54:16 nixos kernel: pci 0000:00:14.0: PME# supported from D3hot D3cold
Aug 08 16:54:16 nixos kernel: pci 0000:00:14.2: [8086:7a27] type 00 class 0x050000
Aug 08 16:54:16 nixos kernel: pci 0000:00:14.2: reg 0x10: [mem 0x4202118000-0x420211bfff 64bit]
Aug 08 16:54:16 nixos kernel: pci 0000:00:14.2: reg 0x18: [mem 0x4202124000-0x4202124fff 64bit]
Aug 08 16:54:16 nixos kernel: pci 0000:00:14.3: [8086:7a70] type 00 class 0x028000
Aug 08 16:54:16 nixos kernel: pci 0000:00:14.3: reg 0x10: [mem 0x4202114000-0x4202117fff 64bit]
Aug 08 16:54:16 nixos kernel: pci 0000:00:14.3: PME# supported from D0 D3hot D3cold
Aug 08 16:54:16 nixos kernel: pci 0000:00:15.0: [8086:7a4c] type 00 class 0x0c8000
Aug 08 16:54:16 nixos kernel: pci 0000:00:15.0: reg 0x10: [mem 0xfe0f9000-0xfe0f9fff 64bit]
Aug 08 16:54:16 nixos kernel: pci 0000:00:15.1: [8086:7a4d] type 00 class 0x0c8000
Aug 08 16:54:16 nixos kernel: pci 0000:00:15.1: reg 0x10: [mem 0xfe0fa000-0xfe0fafff 64bit]
Aug 08 16:54:16 nixos kernel: pci 0000:00:15.2: [8086:7a4e] type 00 class 0x0c8000
Aug 08 16:54:16 nixos kernel: pci 0000:00:15.2: reg 0x10: [mem 0xfe0fb000-0xfe0fbfff 64bit]
Aug 08 16:54:16 nixos kernel: pci 0000:00:15.3: [8086:7a4f] type 00 class 0x0c8000
Aug 08 16:54:16 nixos kernel: pci 0000:00:15.3: reg 0x10: [mem 0xfe0fc000-0xfe0fcfff 64bit]
Aug 08 16:54:16 nixos kernel: pci 0000:00:16.0: [8086:7a68] type 00 class 0x078000
Aug 08 16:54:16 nixos kernel: pci 0000:00:16.0: reg 0x10: [mem 0x420211f000-0x420211ffff 64bit]
Aug 08 16:54:16 nixos kernel: pci 0000:00:16.0: PME# supported from D3hot
Aug 08 16:54:16 nixos kernel: pci 0000:00:17.0: [8086:7a62] type 00 class 0x010601
Aug 08 16:54:16 nixos kernel: pci 0000:00:17.0: reg 0x10: [mem 0x41600000-0x41601fff]
Aug 08 16:54:16 nixos kernel: pci 0000:00:17.0: reg 0x14: [mem 0x41603000-0x416030ff]
Aug 08 16:54:16 nixos kernel: pci 0000:00:17.0: reg 0x18: [io  0x4050-0x4057]
Aug 08 16:54:16 nixos kernel: pci 0000:00:17.0: reg 0x1c: [io  0x4040-0x4043]
Aug 08 16:54:16 nixos kernel: pci 0000:00:17.0: reg 0x20: [io  0x4020-0x403f]
Aug 08 16:54:16 nixos kernel: pci 0000:00:17.0: reg 0x24: [mem 0x41602000-0x416027ff]
Aug 08 16:54:16 nixos kernel: pci 0000:00:17.0: PME# supported from D3hot
Aug 08 16:54:16 nixos kernel: pci 0000:00:19.0: [8086:7a7c] type 00 class 0x0c8000
Aug 08 16:54:16 nixos kernel: pci 0000:00:19.0: reg 0x10: [mem 0x420211e000-0x420211efff 64bit]
Aug 08 16:54:16 nixos kernel: pci 0000:00:19.1: [8086:7a7d] type 00 class 0x0c8000
Aug 08 16:54:16 nixos kernel: pci 0000:00:19.1: reg 0x10: [mem 0x420211d000-0x420211dfff 64bit]
Aug 08 16:54:16 nixos kernel: pci 0000:00:1c.0: [8086:7a38] type 01 class 0x060400
Aug 08 16:54:16 nixos kernel: pci 0000:00:1c.0: PME# supported from D0 D3hot D3cold
Aug 08 16:54:16 nixos kernel: pci 0000:00:1f.0: [8086:7a06] type 00 class 0x060100
Aug 08 16:54:16 nixos kernel: pci 0000:00:1f.3: [8086:7a50] type 00 class 0x040300
Aug 08 16:54:16 nixos kernel: pci 0000:00:1f.3: reg 0x10: [mem 0x4202110000-0x4202113fff 64bit]
Aug 08 16:54:16 nixos kernel: pci 0000:00:1f.3: reg 0x20: [mem 0x4202000000-0x42020fffff 64bit]
Aug 08 16:54:16 nixos kernel: pci 0000:00:1f.3: PME# supported from D3hot D3cold
Aug 08 16:54:16 nixos kernel: pci 0000:00:1f.4: [8086:7a23] type 00 class 0x0c0500
Aug 08 16:54:16 nixos kernel: pci 0000:00:1f.4: reg 0x10: [mem 0x420211c000-0x420211c0ff 64bit]
Aug 08 16:54:16 nixos kernel: pci 0000:00:1f.4: reg 0x20: [io  0xefa0-0xefbf]
Aug 08 16:54:16 nixos kernel: pci 0000:00:1f.5: [8086:7a24] type 00 class 0x0c8000
Aug 08 16:54:16 nixos kernel: pci 0000:00:1f.5: reg 0x10: [mem 0xfe010000-0xfe010fff]
Aug 08 16:54:16 nixos kernel: pci 0000:01:00.0: [10de:2882] type 00 class 0x030000
Aug 08 16:54:16 nixos kernel: pci 0000:01:00.0: reg 0x10: [mem 0x40000000-0x40ffffff]
Aug 08 16:54:16 nixos kernel: pci 0000:01:00.0: reg 0x14: [mem 0x4000000000-0x41ffffffff 64bit pref]
Aug 08 16:54:16 nixos kernel: pci 0000:01:00.0: reg 0x1c: [mem 0x4200000000-0x4201ffffff 64bit pref]
Aug 08 16:54:16 nixos kernel: pci 0000:01:00.0: reg 0x24: [io  0x3000-0x307f]
Aug 08 16:54:16 nixos kernel: pci 0000:01:00.0: reg 0x30: [mem 0x41000000-0x4107ffff pref]
Aug 08 16:54:16 nixos kernel: pci 0000:01:00.0: BAR 1: assigned to efifb
Aug 08 16:54:16 nixos kernel: pci 0000:01:00.0: PME# supported from D0 D3hot
Aug 08 16:54:16 nixos kernel: pci 0000:01:00.1: [10de:22be] type 00 class 0x040300
Aug 08 16:54:16 nixos kernel: pci 0000:01:00.1: reg 0x10: [mem 0x41080000-0x41083fff]
Aug 08 16:54:16 nixos kernel: pci 0000:00:01.0: PCI bridge to [bus 01]
Aug 08 16:54:16 nixos kernel: pci 0000:00:01.0:   bridge window [io  0x3000-0x3fff]
Aug 08 16:54:16 nixos kernel: pci 0000:00:01.0:   bridge window [mem 0x40000000-0x411fffff]
Aug 08 16:54:16 nixos kernel: pci 0000:00:01.0:   bridge window [mem 0x4000000000-0x4201ffffff 64bit pref]
Aug 08 16:54:16 nixos kernel: pci 0000:02:00.0: [144d:a80c] type 00 class 0x010802
Aug 08 16:54:16 nixos kernel: pci 0000:02:00.0: reg 0x10: [mem 0x41400000-0x41403fff 64bit]
Aug 08 16:54:16 nixos kernel: pci 0000:00:06.0: PCI bridge to [bus 02]
Aug 08 16:54:16 nixos kernel: pci 0000:00:06.0:   bridge window [mem 0x41400000-0x415fffff]
Aug 08 16:54:16 nixos kernel: pci 0000:03:00.0: [8086:15f3] type 00 class 0x020000
Aug 08 16:54:16 nixos kernel: pci 0000:03:00.0: reg 0x10: [mem 0x41200000-0x412fffff]
Aug 08 16:54:16 nixos kernel: pci 0000:03:00.0: reg 0x1c: [mem 0x41300000-0x41303fff]
Aug 08 16:54:16 nixos kernel: pci 0000:03:00.0: PME# supported from D0 D3hot D3cold
Aug 08 16:54:16 nixos kernel: pci 0000:00:1c.0: PCI bridge to [bus 03]
Aug 08 16:54:16 nixos kernel: pci 0000:00:1c.0:   bridge window [mem 0x41200000-0x413fffff]
Aug 08 16:54:16 nixos kernel: ACPI: PCI: Interrupt link LNKA configured for IRQ 0
Aug 08 16:54:16 nixos kernel: ACPI: PCI: Interrupt link LNKB configured for IRQ 1
Aug 08 16:54:16 nixos kernel: ACPI: PCI: Interrupt link LNKC configured for IRQ 0
Aug 08 16:54:16 nixos kernel: ACPI: PCI: Interrupt link LNKD configured for IRQ 0
Aug 08 16:54:16 nixos kernel: ACPI: PCI: Interrupt link LNKE configured for IRQ 0
Aug 08 16:54:16 nixos kernel: ACPI: PCI: Interrupt link LNKF configured for IRQ 0
Aug 08 16:54:16 nixos kernel: ACPI: PCI: Interrupt link LNKG configured for IRQ 0
Aug 08 16:54:16 nixos kernel: ACPI: PCI: Interrupt link LNKH configured for IRQ 0
Aug 08 16:54:16 nixos kernel: iommu: Default domain type: Translated
Aug 08 16:54:16 nixos kernel: iommu: DMA domain TLB invalidation policy: lazy mode
Aug 08 16:54:16 nixos kernel: ACPI: bus type USB registered
Aug 08 16:54:16 nixos kernel: usbcore: registered new interface driver usbfs
Aug 08 16:54:16 nixos kernel: usbcore: registered new interface driver hub
Aug 08 16:54:16 nixos kernel: usbcore: registered new device driver usb
Aug 08 16:54:16 nixos kernel: efivars: Registered efivars operations
Aug 08 16:54:16 nixos kernel: NetLabel: Initializing
Aug 08 16:54:16 nixos kernel: NetLabel:  domain hash size = 128
Aug 08 16:54:16 nixos kernel: NetLabel:  protocols = UNLABELED CIPSOv4 CALIPSO
Aug 08 16:54:16 nixos kernel: NetLabel:  unlabeled traffic allowed by default
Aug 08 16:54:16 nixos kernel: PCI: Using ACPI for IRQ routing
Aug 08 16:54:16 nixos kernel: PCI: pci_cache_line_size set to 64 bytes
Aug 08 16:54:16 nixos kernel: pci 0000:00:15.0: can't claim BAR 0 [mem 0xfe0f9000-0xfe0f9fff 64bit]: no compatible bridge window
Aug 08 16:54:16 nixos kernel: pci 0000:00:15.1: can't claim BAR 0 [mem 0xfe0fa000-0xfe0fafff 64bit]: no compatible bridge window
Aug 08 16:54:16 nixos kernel: pci 0000:00:15.2: can't claim BAR 0 [mem 0xfe0fb000-0xfe0fbfff 64bit]: no compatible bridge window
Aug 08 16:54:16 nixos kernel: pci 0000:00:15.3: can't claim BAR 0 [mem 0xfe0fc000-0xfe0fcfff 64bit]: no compatible bridge window
Aug 08 16:54:16 nixos kernel: pci 0000:00:1f.5: can't claim BAR 0 [mem 0xfe010000-0xfe010fff]: no compatible bridge window
Aug 08 16:54:16 nixos kernel: e820: reserve RAM buffer [mem 0x0009e000-0x0009ffff]
Aug 08 16:54:16 nixos kernel: e820: reserve RAM buffer [mem 0x2d665018-0x2fffffff]
Aug 08 16:54:16 nixos kernel: e820: reserve RAM buffer [mem 0x2eae3018-0x2fffffff]
Aug 08 16:54:16 nixos kernel: e820: reserve RAM buffer [mem 0x2fa25000-0x2fffffff]
Aug 08 16:54:16 nixos kernel: e820: reserve RAM buffer [mem 0x33ced000-0x33ffffff]
Aug 08 16:54:16 nixos kernel: e820: reserve RAM buffer [mem 0x34f93000-0x37ffffff]
Aug 08 16:54:16 nixos kernel: e820: reserve RAM buffer [mem 0x357ff000-0x37ffffff]
Aug 08 16:54:16 nixos kernel: e820: reserve RAM buffer [mem 0x3a000000-0x3bffffff]
Aug 08 16:54:16 nixos kernel: pci 0000:01:00.0: vgaarb: setting as boot VGA device
Aug 08 16:54:16 nixos kernel: pci 0000:01:00.0: vgaarb: bridge control possible
Aug 08 16:54:16 nixos kernel: pci 0000:01:00.0: vgaarb: VGA device added: decodes=io+mem,owns=none,locks=none
Aug 08 16:54:16 nixos kernel: vgaarb: loaded
Aug 08 16:54:16 nixos kernel: hpet0: at MMIO 0xfed00000, IRQs 2, 8, 0, 0, 0, 0, 0, 0
Aug 08 16:54:16 nixos kernel: hpet0: 8 comparators, 64-bit 19.200000 MHz counter
Aug 08 16:54:16 nixos kernel: clocksource: Switched to clocksource tsc-early
Aug 08 16:54:16 nixos kernel: VFS: Disk quotas dquot_6.6.0
Aug 08 16:54:16 nixos kernel: VFS: Dquot-cache hash table entries: 512 (order 0, 4096 bytes)
Aug 08 16:54:16 nixos kernel: pnp: PnP ACPI init
Aug 08 16:54:16 nixos kernel: system 00:00: [io  0x0a00-0x0a2f] has been reserved
Aug 08 16:54:16 nixos kernel: system 00:00: [io  0x0a30-0x0a3f] has been reserved
Aug 08 16:54:16 nixos kernel: system 00:00: [io  0x0a40-0x0a4f] has been reserved
Aug 08 16:54:16 nixos kernel: system 00:01: [io  0x0680-0x069f] has been reserved
Aug 08 16:54:16 nixos kernel: system 00:01: [io  0x164e-0x164f] has been reserved
Aug 08 16:54:16 nixos kernel: system 00:02: [io  0x1854-0x1857] has been reserved
Aug 08 16:54:16 nixos kernel: system 00:03: [mem 0xfc000000-0xfc00ffff] has been reserved
Aug 08 16:54:16 nixos kernel: system 00:04: [mem 0xfedc0000-0xfedc7fff] has been reserved
Aug 08 16:54:16 nixos kernel: system 00:04: [mem 0xfeda0000-0xfeda0fff] has been reserved
Aug 08 16:54:16 nixos kernel: system 00:04: [mem 0xfeda1000-0xfeda1fff] has been reserved
Aug 08 16:54:16 nixos kernel: system 00:04: [mem 0xc0000000-0xcfffffff] has been reserved
Aug 08 16:54:16 nixos kernel: system 00:04: [mem 0xfed20000-0xfed7ffff] could not be reserved
Aug 08 16:54:16 nixos kernel: system 00:04: [mem 0xfed90000-0xfed93fff] has been reserved
Aug 08 16:54:16 nixos kernel: system 00:04: [mem 0xfed45000-0xfed8ffff] could not be reserved
Aug 08 16:54:16 nixos kernel: system 00:04: [mem 0xfee00000-0xfeefffff] could not be reserved
Aug 08 16:54:16 nixos kernel: system 00:05: [io  0x2000-0x20fe] has been reserved
Aug 08 16:54:16 nixos kernel: pnp: PnP ACPI: found 7 devices
Aug 08 16:54:16 nixos kernel: clocksource: acpi_pm: mask: 0xffffff max_cycles: 0xffffff, max_idle_ns: 2085701024 ns
Aug 08 16:54:16 nixos kernel: NET: Registered PF_INET protocol family
Aug 08 16:54:16 nixos kernel: IP idents hash table entries: 262144 (order: 9, 2097152 bytes, linear)
Aug 08 16:54:16 nixos kernel: tcp_listen_portaddr_hash hash table entries: 16384 (order: 6, 262144 bytes, linear)
Aug 08 16:54:16 nixos kernel: Table-perturb hash table entries: 65536 (order: 6, 262144 bytes, linear)
Aug 08 16:54:16 nixos kernel: TCP established hash table entries: 262144 (order: 9, 2097152 bytes, linear)
Aug 08 16:54:16 nixos kernel: TCP bind hash table entries: 65536 (order: 9, 2097152 bytes, linear)
Aug 08 16:54:16 nixos kernel: TCP: Hash tables configured (established 262144 bind 65536)
Aug 08 16:54:16 nixos kernel: MPTCP token hash table entries: 32768 (order: 7, 786432 bytes, linear)
Aug 08 16:54:16 nixos kernel: UDP hash table entries: 16384 (order: 7, 524288 bytes, linear)
Aug 08 16:54:16 nixos kernel: UDP-Lite hash table entries: 16384 (order: 7, 524288 bytes, linear)
Aug 08 16:54:16 nixos kernel: NET: Registered PF_UNIX/PF_LOCAL protocol family
Aug 08 16:54:16 nixos kernel: NET: Registered PF_XDP protocol family
Aug 08 16:54:16 nixos kernel: pci 0000:00:15.0: BAR 0: assigned [mem 0x4202120000-0x4202120fff 64bit]
Aug 08 16:54:16 nixos kernel: pci 0000:00:15.1: BAR 0: assigned [mem 0x4202121000-0x4202121fff 64bit]
Aug 08 16:54:16 nixos kernel: pci 0000:00:15.2: BAR 0: assigned [mem 0x4202122000-0x4202122fff 64bit]
Aug 08 16:54:16 nixos kernel: pci 0000:00:15.3: BAR 0: assigned [mem 0x4202123000-0x4202123fff 64bit]
Aug 08 16:54:16 nixos kernel: pci 0000:00:1f.5: BAR 0: assigned [mem 0x41604000-0x41604fff]
Aug 08 16:54:16 nixos kernel: pci 0000:00:01.0: PCI bridge to [bus 01]
Aug 08 16:54:16 nixos kernel: pci 0000:00:01.0:   bridge window [io  0x3000-0x3fff]
Aug 08 16:54:16 nixos kernel: pci 0000:00:01.0:   bridge window [mem 0x40000000-0x411fffff]
Aug 08 16:54:16 nixos kernel: pci 0000:00:01.0:   bridge window [mem 0x4000000000-0x4201ffffff 64bit pref]
Aug 08 16:54:16 nixos kernel: pci 0000:00:06.0: PCI bridge to [bus 02]
Aug 08 16:54:16 nixos kernel: pci 0000:00:06.0:   bridge window [mem 0x41400000-0x415fffff]
Aug 08 16:54:16 nixos kernel: pci 0000:00:1c.0: PCI bridge to [bus 03]
Aug 08 16:54:16 nixos kernel: pci 0000:00:1c.0:   bridge window [mem 0x41200000-0x413fffff]
Aug 08 16:54:16 nixos kernel: pci_bus 0000:00: resource 4 [io  0x0000-0x0cf7 window]
Aug 08 16:54:16 nixos kernel: pci_bus 0000:00: resource 5 [io  0x0d00-0xffff window]
Aug 08 16:54:16 nixos kernel: pci_bus 0000:00: resource 6 [mem 0x000a0000-0x000bffff window]
Aug 08 16:54:16 nixos kernel: pci_bus 0000:00: resource 7 [mem 0x000e0000-0x000fffff window]
Aug 08 16:54:16 nixos kernel: pci_bus 0000:00: resource 8 [mem 0x40000000-0xbfffffff window]
Aug 08 16:54:16 nixos kernel: pci_bus 0000:00: resource 9 [mem 0x4000000000-0x7fffffffff window]
Aug 08 16:54:16 nixos kernel: pci_bus 0000:01: resource 0 [io  0x3000-0x3fff]
Aug 08 16:54:16 nixos kernel: pci_bus 0000:01: resource 1 [mem 0x40000000-0x411fffff]
Aug 08 16:54:16 nixos kernel: pci_bus 0000:01: resource 2 [mem 0x4000000000-0x4201ffffff 64bit pref]
Aug 08 16:54:16 nixos kernel: pci_bus 0000:02: resource 1 [mem 0x41400000-0x415fffff]
Aug 08 16:54:16 nixos kernel: pci_bus 0000:03: resource 1 [mem 0x41200000-0x413fffff]
Aug 08 16:54:16 nixos kernel: pci 0000:01:00.1: extending delay after power-on from D3hot to 20 msec
Aug 08 16:54:16 nixos kernel: pci 0000:01:00.1: D0 power state depends on 0000:01:00.0
Aug 08 16:54:16 nixos kernel: PCI: CLS 64 bytes, default 64
Aug 08 16:54:16 nixos kernel: PCI-DMA: Using software bounce buffering for IO (SWIOTLB)
Aug 08 16:54:16 nixos kernel: software IO TLB: mapped [mem 0x0000000026e99000-0x000000002ae99000] (64MB)
Aug 08 16:54:16 nixos kernel: clocksource: tsc: mask: 0xffffffffffffffff max_cycles: 0x23fa772cf26, max_idle_ns: 440795269835 ns
Aug 08 16:54:16 nixos kernel: Trying to unpack rootfs image as initramfs...
Aug 08 16:54:16 nixos kernel: clocksource: Switched to clocksource tsc
Aug 08 16:54:16 nixos kernel: platform rtc_cmos: registered platform RTC device (no PNP device found)
Aug 08 16:54:16 nixos kernel: Initialise system trusted keyrings
Aug 08 16:54:16 nixos kernel: workingset: timestamp_bits=40 max_order=23 bucket_order=0
Aug 08 16:54:16 nixos kernel: zbud: loaded
Aug 08 16:54:16 nixos kernel: Key type asymmetric registered
Aug 08 16:54:16 nixos kernel: Asymmetric key parser 'x509' registered
Aug 08 16:54:16 nixos kernel: Block layer SCSI generic (bsg) driver version 0.4 loaded (major 251)
Aug 08 16:54:16 nixos kernel: io scheduler mq-deadline registered
Aug 08 16:54:16 nixos kernel: io scheduler kyber registered
Aug 08 16:54:16 nixos kernel: pcieport 0000:00:01.0: PME: Signaling with IRQ 120
Aug 08 16:54:16 nixos kernel: pcieport 0000:00:06.0: PME: Signaling with IRQ 121
Aug 08 16:54:16 nixos kernel: pcieport 0000:00:1c.0: PME: Signaling with IRQ 122
Aug 08 16:54:16 nixos kernel: Monitor-Mwait will be used to enter C-1 state
Aug 08 16:54:16 nixos kernel: Monitor-Mwait will be used to enter C-2 state
Aug 08 16:54:16 nixos kernel: Monitor-Mwait will be used to enter C-3 state
Aug 08 16:54:16 nixos kernel: ACPI: \_SB_.PR00: Found 3 idle states
Aug 08 16:54:16 nixos kernel: Serial: 8250/16550 driver, 4 ports, IRQ sharing enabled
Aug 08 16:54:16 nixos kernel: Linux agpgart interface v0.103
Aug 08 16:54:16 nixos kernel: ACPI: bus type drm_connector registered
Aug 08 16:54:16 nixos kernel: usbcore: registered new interface driver usbserial_generic
Aug 08 16:54:16 nixos kernel: usbserial: USB Serial support registered for generic
Aug 08 16:54:16 nixos kernel: intel_pstate: Intel P-state driver initializing
Aug 08 16:54:16 nixos kernel: intel_pstate: HWP enabled
Aug 08 16:54:16 nixos kernel: [drm] Initialized simpledrm 1.0.0 20200625 for simple-framebuffer.0 on minor 0
Aug 08 16:54:16 nixos kernel: fbcon: Deferring console take-over
Aug 08 16:54:16 nixos kernel: simple-framebuffer simple-framebuffer.0: [drm] fb0: simpledrmdrmfb frame buffer device
Aug 08 16:54:16 nixos kernel: drop_monitor: Initializing network drop monitor service
Aug 08 16:54:16 nixos kernel: NET: Registered PF_INET6 protocol family
Aug 08 16:54:16 nixos kernel: Freeing initrd memory: 18652K
Aug 08 16:54:16 nixos kernel: Segment Routing with IPv6
Aug 08 16:54:16 nixos kernel: In-situ OAM (IOAM) with IPv6
Aug 08 16:54:16 nixos kernel: microcode: Microcode Update Driver: v2.2.
Aug 08 16:54:16 nixos kernel: IPI shorthand broadcast: enabled
Aug 08 16:54:16 nixos kernel: sched_clock: Marking stable (478000483, 4790324)->(495600021, -12809214)
Aug 08 16:54:16 nixos kernel: registered taskstats version 1
Aug 08 16:54:16 nixos kernel: Loading compiled-in X.509 certificates
Aug 08 16:54:16 nixos kernel: Key type .fscrypt registered
Aug 08 16:54:16 nixos kernel: Key type fscrypt-provisioning registered
Aug 08 16:54:16 nixos kernel: PM:   Magic number: 4:351:927
Aug 08 16:54:16 nixos kernel: RAS: Correctable Errors collector initialized.
Aug 08 16:54:16 nixos kernel: clk: Disabling unused clocks
Aug 08 16:54:16 nixos kernel: Freeing unused decrypted memory: 2028K
Aug 08 16:54:16 nixos kernel: Freeing unused kernel image (initmem) memory: 3116K
Aug 08 16:54:16 nixos kernel: Write protecting the kernel read-only data: 28672k
Aug 08 16:54:16 nixos kernel: Freeing unused kernel image (rodata/data gap) memory: 1448K
Aug 08 16:54:16 nixos kernel: x86/mm: Checked W+X mappings: passed, no W+X pages found.
Aug 08 16:54:16 nixos kernel: Run /init as init process
Aug 08 16:54:16 nixos kernel:   with arguments:
Aug 08 16:54:16 nixos kernel:     /init
Aug 08 16:54:16 nixos kernel:   with environment:
Aug 08 16:54:16 nixos kernel:     HOME=/
Aug 08 16:54:16 nixos kernel:     TERM=linux
Aug 08 16:54:16 nixos kernel: fbcon: Taking over console
Aug 08 16:54:16 nixos kernel: Console: switching to colour frame buffer device 240x67
Aug 08 16:54:16 nixos stage-1-init: [Thu Aug  8 08:54:14 UTC 2024] loading module dm_mod...
Aug 08 16:54:16 nixos kernel: device-mapper: ioctl: 4.48.0-ioctl (2023-03-01) initialised: dm-devel@redhat.com
Aug 08 16:54:16 nixos stage-1-init: [Thu Aug  8 08:54:14 UTC 2024] running udev...
Aug 08 16:54:16 nixos stage-1-init: [Thu Aug  8 08:54:14 UTC 2024] Starting systemd-udevd version 256.2
Aug 08 16:54:16 nixos kernel: rtc_cmos rtc_cmos: RTC can wake from S4
Aug 08 16:54:16 nixos kernel: rtc_cmos rtc_cmos: registered as rtc0
Aug 08 16:54:16 nixos kernel: rtc_cmos rtc_cmos: setting system clock to 2024-08-08T08:54:14 UTC (1723107254)
Aug 08 16:54:16 nixos kernel: rtc_cmos rtc_cmos: alarms up to one month, y3k, 114 bytes nvram
Aug 08 16:54:16 nixos kernel: SCSI subsystem initialized
Aug 08 16:54:16 nixos kernel: xhci_hcd 0000:00:14.0: xHCI Host Controller
Aug 08 16:54:16 nixos kernel: xhci_hcd 0000:00:14.0: new USB bus registered, assigned bus number 1
Aug 08 16:54:16 nixos kernel: nvme 0000:02:00.0: platform quirk: setting simple suspend
Aug 08 16:54:16 nixos kernel: nvme nvme0: pci function 0000:02:00.0
Aug 08 16:54:16 nixos kernel: xhci_hcd 0000:00:14.0: hcc params 0x20007fc1 hci version 0x120 quirks 0x0000000200009810
Aug 08 16:54:16 nixos kernel: xhci_hcd 0000:00:14.0: xHCI Host Controller
Aug 08 16:54:16 nixos kernel: xhci_hcd 0000:00:14.0: new USB bus registered, assigned bus number 2
Aug 08 16:54:16 nixos kernel: xhci_hcd 0000:00:14.0: Host supports USB 3.2 Enhanced SuperSpeed
Aug 08 16:54:21 nixos kernel: usb usb1: New USB device found, idVendor=1d6b, idProduct=0002, bcdDevice= 6.06
Aug 08 16:54:21 nixos kernel: usb usb1: New USB device strings: Mfr=3, Product=2, SerialNumber=1
Aug 08 16:54:21 nixos kernel: usb usb1: Product: xHCI Host Controller
Aug 08 16:54:21 nixos kernel: usb usb1: Manufacturer: Linux 6.6.44 xhci-hcd
Aug 08 16:54:21 nixos kernel: usb usb1: SerialNumber: 0000:00:14.0
Aug 08 16:54:21 nixos kernel: hub 1-0:1.0: USB hub found
Aug 08 16:54:21 nixos kernel: hub 1-0:1.0: 16 ports detected
Aug 08 16:54:21 nixos kernel: usb usb2: New USB device found, idVendor=1d6b, idProduct=0003, bcdDevice= 6.06
Aug 08 16:54:21 nixos kernel: usb usb2: New USB device strings: Mfr=3, Product=2, SerialNumber=1
Aug 08 16:54:21 nixos kernel: usb usb2: Product: xHCI Host Controller
Aug 08 16:54:21 nixos kernel: usb usb2: Manufacturer: Linux 6.6.44 xhci-hcd
Aug 08 16:54:21 nixos kernel: usb usb2: SerialNumber: 0000:00:14.0
Aug 08 16:54:21 nixos kernel: hub 2-0:1.0: USB hub found
Aug 08 16:54:21 nixos kernel: hub 2-0:1.0: 10 ports detected
Aug 08 16:54:21 nixos kernel: nvme nvme0: Shutdown timeout set to 10 seconds
Aug 08 16:54:21 nixos kernel: libata version 3.00 loaded.
Aug 08 16:54:21 nixos kernel: nvme nvme0: 16/0/0 default/read/poll queues
Aug 08 16:54:21 nixos kernel:  nvme0n1: p1 p2
Aug 08 16:54:21 nixos kernel: ahci 0000:00:17.0: version 3.0
Aug 08 16:54:21 nixos kernel: ahci 0000:00:17.0: AHCI 0001.0301 32 slots 4 ports 6 Gbps 0xf0 impl SATA mode
Aug 08 16:54:21 nixos kernel: ahci 0000:00:17.0: flags: 64bit ncq sntf led clo only pio slum part ems deso sadm sds 
Aug 08 16:54:21 nixos kernel: scsi host0: ahci
Aug 08 16:54:21 nixos kernel: scsi host1: ahci
Aug 08 16:54:21 nixos kernel: scsi host2: ahci
Aug 08 16:54:21 nixos kernel: scsi host3: ahci
Aug 08 16:54:21 nixos kernel: scsi host4: ahci
Aug 08 16:54:21 nixos kernel: scsi host5: ahci
Aug 08 16:54:21 nixos kernel: scsi host6: ahci
Aug 08 16:54:21 nixos kernel: scsi host7: ahci
Aug 08 16:54:21 nixos kernel: ata1: DUMMY
Aug 08 16:54:21 nixos kernel: ata2: DUMMY
Aug 08 16:54:21 nixos kernel: ata3: DUMMY
Aug 08 16:54:21 nixos kernel: ata4: DUMMY
Aug 08 16:54:21 nixos kernel: ata5: SATA max UDMA/133 abar m2048@0x41602000 port 0x41602300 irq 141
Aug 08 16:54:21 nixos kernel: ata6: SATA max UDMA/133 abar m2048@0x41602000 port 0x41602380 irq 141
Aug 08 16:54:21 nixos kernel: ata7: SATA max UDMA/133 abar m2048@0x41602000 port 0x41602400 irq 141
Aug 08 16:54:21 nixos kernel: ata8: SATA max UDMA/133 abar m2048@0x41602000 port 0x41602480 irq 141
Aug 08 16:54:21 nixos kernel: usb 1-2: new high-speed USB device number 2 using xhci_hcd
Aug 08 16:54:21 nixos kernel: ata7: SATA link down (SStatus 4 SControl 300)
Aug 08 16:54:21 nixos kernel: ata8: SATA link down (SStatus 4 SControl 300)
Aug 08 16:54:21 nixos kernel: ata6: SATA link down (SStatus 4 SControl 300)
Aug 08 16:54:21 nixos kernel: ata5: SATA link down (SStatus 4 SControl 300)
Aug 08 16:54:21 nixos stage-1-init: [Thu Aug  8 08:54:14 UTC 2024] starting device mapper and LVM...
Aug 08 16:54:21 nixos stage-1-init: [Thu Aug  8 08:54:14 UTC 2024] checking /dev/disk/by-uuid/e17e2a64-6d11-4927-bc26-1afdcddca868...
Aug 08 16:54:21 nixos stage-1-init: [Thu Aug  8 08:54:14 UTC 2024] fsck (busybox 1.36.1)
Aug 08 16:54:21 nixos stage-1-init: [Thu Aug  8 08:54:14 UTC 2024] [fsck.ext4 (1) -- /mnt-root/] fsck.ext4 -a /dev/disk/by-uuid/e17e2a64-6d11-4927-bc26-1afdcddca868
Aug 08 16:54:21 nixos stage-1-init: [Thu Aug  8 08:54:14 UTC 2024] /dev/disk/by-uuid/e17e2a64-6d11-4927-bc26-1afdcddca868: recovering journal
Aug 08 16:54:21 nixos kernel: usb 1-2: New USB device found, idVendor=046d, idProduct=0942, bcdDevice= 0.21
Aug 08 16:54:21 nixos kernel: usb 1-2: New USB device strings: Mfr=0, Product=1, SerialNumber=2
Aug 08 16:54:21 nixos kernel: usb 1-2: Product: Brio 300
Aug 08 16:54:21 nixos kernel: usb 1-2: SerialNumber: 2238CFA2C5D8
Aug 08 16:54:21 nixos kernel: hid: raw HID events driver (C) Jiri Kosina
Aug 08 16:54:21 nixos stage-1-init: [Thu Aug  8 08:54:14 UTC 2024] /dev/disk/by-uuid/e17e2a64-6d11-4927-bc26-1afdcddca868: clean, 833725/244162560 files, 21188739/976622424 blocks
Aug 08 16:54:21 nixos kernel: usbcore: registered new interface driver usbhid
Aug 08 16:54:21 nixos kernel: usbhid: USB HID core driver
Aug 08 16:54:21 nixos kernel: input: Brio 300 Consumer Control as /devices/pci0000:00/0000:00:14.0/usb1/1-2/1-2:1.4/0003:046D:0942.0001/input/input0
Aug 08 16:54:21 nixos stage-1-init: [Thu Aug  8 08:54:14 UTC 2024] mounting /dev/disk/by-uuid/e17e2a64-6d11-4927-bc26-1afdcddca868 on /...
Aug 08 16:54:21 nixos kernel: usb 2-4: new SuperSpeed USB device number 2 using xhci_hcd
Aug 08 16:54:21 nixos kernel: usb 2-4: New USB device found, idVendor=0bda, idProduct=0411, bcdDevice= 1.16
Aug 08 16:54:21 nixos kernel: usb 2-4: New USB device strings: Mfr=1, Product=2, SerialNumber=0
Aug 08 16:54:21 nixos kernel: usb 2-4: Product: USB3.2 Hub
Aug 08 16:54:21 nixos kernel: usb 2-4: Manufacturer: Generic
Aug 08 16:54:21 nixos kernel: hub 2-4:1.0: USB hub found
Aug 08 16:54:21 nixos kernel: hub 2-4:1.0: 4 ports detected
Aug 08 16:54:21 nixos kernel: input: Brio 300 as /devices/pci0000:00/0000:00:14.0/usb1/1-2/1-2:1.4/0003:046D:0942.0001/input/input1
Aug 08 16:54:21 nixos kernel: input: Brio 300 as /devices/pci0000:00/0000:00:14.0/usb1/1-2/1-2:1.4/0003:046D:0942.0001/input/input2
Aug 08 16:54:21 nixos kernel: input: Brio 300 as /devices/pci0000:00/0000:00:14.0/usb1/1-2/1-2:1.4/0003:046D:0942.0001/input/input3
Aug 08 16:54:21 nixos kernel: hid-generic 0003:046D:0942.0001: input,hiddev96,hidraw0: USB HID v1.11 Device [Brio 300] on usb-0000:00:14.0-2/input4
Aug 08 16:54:21 nixos kernel: EXT4-fs (nvme0n1p2): mounted filesystem e17e2a64-6d11-4927-bc26-1afdcddca868 r/w with ordered data mode. Quota mode: none.
Aug 08 16:54:21 nixos kernel: EXT4-fs (nvme0n1p2): re-mounted e17e2a64-6d11-4927-bc26-1afdcddca868 r/w. Quota mode: none.
Aug 08 16:54:21 nixos kernel: usb 1-4: new high-speed USB device number 3 using xhci_hcd
Aug 08 16:54:21 nixos kernel: EXT4-fs (nvme0n1p2): re-mounted e17e2a64-6d11-4927-bc26-1afdcddca868 r/w. Quota mode: none.
Aug 08 16:54:21 nixos unknown: booting system configuration /nix/store/h45zbsn497db48jprvdbxvrqp5zkbqz2-nixos-system-nixos-24.11pre662544.cb9a96f23c49
Aug 08 16:54:21 nixos kernel: usb 1-4: New USB device found, idVendor=0bda, idProduct=5411, bcdDevice= 1.16
Aug 08 16:54:21 nixos kernel: usb 1-4: New USB device strings: Mfr=1, Product=2, SerialNumber=0
Aug 08 16:54:21 nixos kernel: usb 1-4: Product: USB2.1 Hub
Aug 08 16:54:21 nixos kernel: usb 1-4: Manufacturer: Generic
Aug 08 16:54:21 nixos kernel: hub 1-4:1.0: USB hub found
Aug 08 16:54:21 nixos kernel: hub 1-4:1.0: 4 ports detected
Aug 08 16:54:21 nixos stage-2-init: running activation script...
Aug 08 16:54:21 nixos kernel: usb 2-10: new SuperSpeed USB device number 3 using xhci_hcd
Aug 08 16:54:21 nixos stage-2-init: setting up /etc...
Aug 08 16:54:21 nixos kernel: usb 2-10: New USB device found, idVendor=0781, idProduct=5583, bcdDevice= 1.00
Aug 08 16:54:21 nixos kernel: usb 2-10: New USB device strings: Mfr=1, Product=2, SerialNumber=3
Aug 08 16:54:21 nixos kernel: usb 2-10: Product:  SanDisk 3.2Gen1
Aug 08 16:54:21 nixos kernel: usb 2-10: Manufacturer:  USB
Aug 08 16:54:21 nixos kernel: usb 2-10: SerialNumber: 0101c31cf759e92fa9c7ff9e5f44eabe9e5c07e7065e657c33675ddd5046d5127d890000000000000000000096877d3800891b0083558107c3af55d6
Aug 08 16:54:21 nixos kernel: usb 1-5: new full-speed USB device number 4 using xhci_hcd
Aug 08 16:54:21 nixos systemd[1]: Inserted module 'autofs4'
Aug 08 16:54:21 nixos systemd[1]: systemd 256.2 running in system mode (+PAM +AUDIT -SELINUX +APPARMOR +IMA +SMACK +SECCOMP +GCRYPT -GNUTLS +OPENSSL +ACL +BLKID +CURL +ELFUTILS +FIDO2 +IDN2 -IDN +IPTC +KMOD +LIBCRYPTSETUP +LIBCRYPTSETUP_PLUGINS +LIBFDISK +PCRE2 +PWQUALITY +P11KIT +QRENCODE +TPM2 +BZIP2 +LZ4 +XZ +ZLIB +ZSTD +BPF_FRAMEWORK -XKBCOMMON +UTMP -SYSVINIT +LIBARCHIVE)
Aug 08 16:54:21 nixos systemd[1]: Detected architecture x86-64.
Aug 08 16:54:21 nixos systemd[1]: Hostname set to <nixos>.
Aug 08 16:54:21 nixos kernel: systemd[1]: memfd_create() called without MFD_EXEC or MFD_NOEXEC_SEAL set
Aug 08 16:54:21 nixos kernel: usb 1-5: not running at top speed; connect to a high speed hub
Aug 08 16:54:21 nixos kernel: usb 1-5: New USB device found, idVendor=1e71, idProduct=2015, bcdDevice= 1.0a
Aug 08 16:54:21 nixos kernel: usb 1-5: New USB device strings: Mfr=1, Product=2, SerialNumber=3
Aug 08 16:54:21 nixos kernel: usb 1-5: Product: NZXT H1 V2
Aug 08 16:54:21 nixos kernel: usb 1-5: Manufacturer: NZXT, Inc.
Aug 08 16:54:21 nixos kernel: usb 1-5: SerialNumber: 1603601AAB75B0825EFEBD5B
Aug 08 16:54:21 nixos kernel: hid-generic 0003:1E71:2015.0002: hiddev97,hidraw1: USB HID v1.00 Device [NZXT, Inc. NZXT H1 V2] on usb-0000:00:14.0-5/input0
Aug 08 16:54:21 nixos kernel: usb 1-4.1: new full-speed USB device number 5 using xhci_hcd
Aug 08 16:54:21 nixos kernel: usb 1-4.1: config 1 has no interfaces?
Aug 08 16:54:21 nixos kernel: usb 1-4.1: New USB device found, idVendor=29ea, idProduct=0362, bcdDevice= 3.02
Aug 08 16:54:21 nixos kernel: usb 1-4.1: New USB device strings: Mfr=1, Product=2, SerialNumber=3
Aug 08 16:54:21 nixos kernel: usb 1-4.1: Product: Adv360 Pro rt
Aug 08 16:54:21 nixos kernel: usb 1-4.1: Manufacturer: Kinesis Corporation
Aug 08 16:54:21 nixos kernel: usb 1-4.1: SerialNumber: 072EB3B83597BD0A
Aug 08 16:54:21 nixos systemd[1]: bpf-restrict-fs: LSM BPF program attached
Aug 08 16:54:21 nixos kernel: usb 1-11: new full-speed USB device number 6 using xhci_hcd
Aug 08 16:54:21 nixos systemd[1]: /etc/systemd/system/cups.socket:5: ListenStream= references a path below legacy directory /var/run/, updating /var/run/cups/cups.sock  /run/cups/cups.sock; please update the unit file accordingly.
Aug 08 16:54:21 nixos systemd[1]: Queued start job for default target Graphical Interface.
Aug 08 16:54:21 nixos systemd[1]: Created slice Virtual Machine and Container Slice.
Aug 08 16:54:21 nixos systemd[1]: Created slice Slice /system/getty.
Aug 08 16:54:21 nixos systemd[1]: Created slice Slice /system/modprobe.
Aug 08 16:54:21 nixos systemd[1]: Created slice Slice /system/systemd-fsck.
Aug 08 16:54:21 nixos systemd[1]: Created slice User and Session Slice.
Aug 08 16:54:21 nixos systemd[1]: Started Dispatch Password Requests to Console Directory Watch.
Aug 08 16:54:21 nixos systemd[1]: Started Forward Password Requests to Wall Directory Watch.
Aug 08 16:54:21 nixos systemd[1]: Expecting device /dev/disk/by-uuid/101A-ECE3...
Aug 08 16:54:21 nixos systemd[1]: Expecting device /dev/tpmrm0...
Aug 08 16:54:21 nixos systemd[1]: Reached target Local Encrypted Volumes.
Aug 08 16:54:21 nixos systemd[1]: Reached target Containers.
Aug 08 16:54:21 nixos systemd[1]: Reached target Path Units.
Aug 08 16:54:21 nixos systemd[1]: Reached target Remote File Systems.
Aug 08 16:54:21 nixos systemd[1]: Reached target Slice Units.
Aug 08 16:54:21 nixos systemd[1]: Reached target Swaps.
Aug 08 16:54:21 nixos systemd[1]: Listening on Process Core Dump Socket.
Aug 08 16:54:21 nixos systemd[1]: Listening on Credential Encryption/Decryption.
Aug 08 16:54:21 nixos systemd[1]: Listening on Journal Socket (/dev/log).
Aug 08 16:54:21 nixos systemd[1]: Listening on Journal Sockets.
Aug 08 16:54:21 nixos systemd[1]: Listening on Userspace Out-Of-Memory (OOM) Killer Socket.
Aug 08 16:54:21 nixos systemd[1]: Listening on udev Control Socket.
Aug 08 16:54:21 nixos systemd[1]: Listening on udev Kernel Socket.
Aug 08 16:54:21 nixos systemd[1]: Mounting Huge Pages File System...
Aug 08 16:54:21 nixos systemd[1]: Mounting POSIX Message Queue File System...
Aug 08 16:54:21 nixos systemd[1]: Mounting Kernel Debug File System...
Aug 08 16:54:21 nixos systemd[1]: Starting Create List of Static Device Nodes...
Aug 08 16:54:21 nixos systemd[1]: Starting Load Kernel Module configfs...
Aug 08 16:54:21 nixos systemd[1]: Starting Load Kernel Module drm...
Aug 08 16:54:21 nixos systemd[1]: Starting Load Kernel Module efi_pstore...
Aug 08 16:54:21 nixos systemd[1]: Starting Load Kernel Module fuse...
Aug 08 16:54:21 nixos systemd[1]: Starting mount-pstore.service...
Aug 08 16:54:21 nixos systemd[1]: File System Check on Root Device was skipped because of an unmet condition check (ConditionPathIsReadWrite=!/).
Aug 08 16:54:21 nixos systemd[1]: Clear Stale Hibernate Storage Info was skipped because of an unmet condition check (ConditionPathExists=/sys/firmware/efi/efivars/HibernateLocation-8cf2644b-4b0b-428f-9387-6d876050dc67).
Aug 08 16:54:21 nixos systemd[1]: Starting Journal Service...
Aug 08 16:54:21 nixos systemd[1]: Starting Load Kernel Modules...
Aug 08 16:54:21 nixos systemd[1]: Starting Remount Root and Kernel File Systems...
Aug 08 16:54:21 nixos kernel: pstore: Using crash dump compression: deflate
Aug 08 16:54:21 nixos systemd[1]: Starting Coldplug All udev Devices...
Aug 08 16:54:21 nixos systemd[1]: Mounted Huge Pages File System.
Aug 08 16:54:21 nixos systemd[1]: Mounted POSIX Message Queue File System.
Aug 08 16:54:21 nixos systemd[1]: Mounted Kernel Debug File System.
Aug 08 16:54:21 nixos kernel: fuse: init (API version 7.39)
Aug 08 16:54:21 nixos kernel: pstore: Registered efi_pstore as persistent store backend
Aug 08 16:54:21 nixos systemd-journald[605]: Collecting audit messages is disabled.
Aug 08 16:54:21 nixos kernel: usb 1-11: config index 0 descriptor too short (expected 34, got 9)
Aug 08 16:54:21 nixos kernel: usb 1-11: config 1 has 0 interfaces, different from the descriptor's value: 1
Aug 08 16:54:21 nixos kernel: usb 1-11: New USB device found, idVendor=048d, idProduct=5702, bcdDevice= 0.01
Aug 08 16:54:21 nixos kernel: usb 1-11: New USB device strings: Mfr=1, Product=2, SerialNumber=0
Aug 08 16:54:21 nixos kernel: usb 1-11: Product: 
Aug 08 16:54:21 nixos kernel: usb 1-11: Manufacturer: ITE Device
Aug 08 16:54:21 nixos systemd[1]: Finished Create List of Static Device Nodes.
Aug 08 16:54:21 nixos kernel: EXT4-fs (nvme0n1p2): re-mounted e17e2a64-6d11-4927-bc26-1afdcddca868 r/w. Quota mode: none.
Aug 08 16:54:21 nixos systemd[1]: modprobe@configfs.service: Deactivated successfully.
Aug 08 16:54:21 nixos systemd[1]: Finished Load Kernel Module configfs.
Aug 08 16:54:21 nixos systemd[1]: modprobe@drm.service: Deactivated successfully.
Aug 08 16:54:21 nixos systemd[1]: Finished Load Kernel Module drm.
Aug 08 16:54:21 nixos systemd[1]: modprobe@efi_pstore.service: Deactivated successfully.
Aug 08 16:54:21 nixos kernel: usb 1-4.2: new full-speed USB device number 7 using xhci_hcd
Aug 08 16:54:21 nixos kernel: bridge: filtering via arp/ip/ip6tables is no longer available by default. Update your scripts to load br_netfilter if you need this.
Aug 08 16:54:21 nixos systemd[1]: Finished Load Kernel Module efi_pstore.
Aug 08 16:54:21 nixos systemd[1]: modprobe@fuse.service: Deactivated successfully.
Aug 08 16:54:21 nixos kernel: tun: Universal TUN/TAP device driver, 1.6
Aug 08 16:54:21 nixos kernel: loop: module loaded
Aug 08 16:54:21 nixos systemd[1]: Finished Load Kernel Module fuse.
Aug 08 16:54:21 nixos systemd[1]: Finished Remount Root and Kernel File Systems.
Aug 08 16:54:21 nixos systemd[1]: Finished Coldplug All udev Devices.
Aug 08 16:54:21 nixos kernel: nvidia: loading out-of-tree module taints kernel.
Aug 08 16:54:21 nixos kernel: nvidia: module license 'NVIDIA' taints kernel.
Aug 08 16:54:21 nixos kernel: Disabling lock debugging due to kernel taint
Aug 08 16:54:21 nixos kernel: nvidia: module license taints kernel.
Aug 08 16:54:21 nixos systemd[1]: Finished mount-pstore.service.
Aug 08 16:54:21 nixos systemd[1]: Mounting FUSE Control File System...
Aug 08 16:54:21 nixos systemd[1]: Mounting Kernel Configuration File System...
Aug 08 16:54:21 nixos systemd[1]: Platform Persistent Storage Archival was skipped because of an unmet condition check (ConditionDirectoryNotEmpty=/sys/fs/pstore).
Aug 08 16:54:21 nixos systemd[1]: Starting Load/Save OS Random Seed...
Aug 08 16:54:21 nixos systemd[1]: Starting Create Static Device Nodes in /dev gracefully...
Aug 08 16:54:21 nixos systemd[1]: Mounted FUSE Control File System.
Aug 08 16:54:21 nixos systemd[1]: Mounted Kernel Configuration File System.
Aug 08 16:54:21 nixos kernel: usb 1-4.2: New USB device found, idVendor=29ea, idProduct=0362, bcdDevice= 3.02
Aug 08 16:54:21 nixos kernel: usb 1-4.2: New USB device strings: Mfr=1, Product=2, SerialNumber=3
Aug 08 16:54:21 nixos kernel: usb 1-4.2: Product: Adv360 Pro
Aug 08 16:54:21 nixos kernel: usb 1-4.2: Manufacturer: Kinesis Corporation
Aug 08 16:54:21 nixos kernel: usb 1-4.2: SerialNumber: C61D113C0F0FBDFB
Aug 08 16:54:21 nixos systemd[1]: Finished Create Static Device Nodes in /dev gracefully.
Aug 08 16:54:21 nixos systemd[1]: Finished Load/Save OS Random Seed.
Aug 08 16:54:21 nixos systemd[1]: Starting Create Static Device Nodes in /dev...
Aug 08 16:54:21 nixos kernel: nvidia-nvlink: Nvlink Core is being initialized, major device number 242
Aug 08 16:54:21 nixos kernel: 
Aug 08 16:54:21 nixos systemd[1]: Finished Create Static Device Nodes in /dev.
Aug 08 16:54:21 nixos systemd[1]: Reached target Preparation for Local File Systems.
Aug 08 16:54:21 nixos kernel: nvidia 0000:01:00.0: vgaarb: VGA decodes changed: olddecodes=io+mem,decodes=none:owns=none
Aug 08 16:54:21 nixos systemd[1]: Starting Rule-based Manager for Device Events and Files...
Aug 08 16:54:21 nixos kernel: NVRM: loading NVIDIA UNIX x86_64 Kernel Module  555.58.02  Tue Jun 25 01:39:15 UTC 2024
Aug 08 16:54:21 nixos systemd[1]: Started Rule-based Manager for Device Events and Files.
Aug 08 16:54:21 nixos kernel: input: Sleep Button as /devices/LNXSYSTM:00/LNXSYBUS:00/PNP0C0E:00/input/input4
Aug 08 16:54:21 nixos kernel: ACPI: button: Sleep Button [SLPB]
Aug 08 16:54:21 nixos kernel: input: Power Button as /devices/LNXSYSTM:00/LNXSYBUS:00/PNP0C0C:00/input/input5
Aug 08 16:54:21 nixos kernel: ACPI: button: Power Button [PWRB]
Aug 08 16:54:21 nixos kernel: input: Power Button as /devices/LNXSYSTM:00/LNXPWRBN:00/input/input6
Aug 08 16:54:21 nixos kernel: ACPI: button: Power Button [PWRF]
Aug 08 16:54:21 nixos kernel: nvidia_uvm: module uses symbols nvUvmInterfaceDisableAccessCntr from proprietary module nvidia, inheriting taint.
Aug 08 16:54:21 nixos systemd[1]: Found device Samsung SSD 990 PRO 4TB EFI.
Aug 08 16:54:21 nixos kernel: intel_pmc_core INT33A1:00:  initialized
Aug 08 16:54:21 nixos systemd[1]: Starting File System Check on /dev/disk/by-uuid/101A-ECE3...
Aug 08 16:54:21 nixos kernel: pps_core: LinuxPPS API ver. 1 registered
Aug 08 16:54:21 nixos kernel: pps_core: Software ver. 5.3.6 - Copyright 2005-2007 Rodolfo Giometti <giometti@linux.it>
Aug 08 16:54:21 nixos kernel: nvidia-uvm: Loaded the UVM driver, major device number 240.
Aug 08 16:54:21 nixos kernel: PTP clock support registered
Aug 08 16:54:21 nixos kernel: i801_smbus 0000:00:1f.4: SPD Write Disable is set
Aug 08 16:54:21 nixos kernel: i801_smbus 0000:00:1f.4: SMBus using PCI interrupt
Aug 08 16:54:21 nixos kernel: mei_me 0000:00:16.0: enabling device (0000 -> 0002)
Aug 08 16:54:21 nixos kernel: idma64 idma64.0: Found Intel integrated DMA 64-bit
Aug 08 16:54:21 nixos kernel: input: Intel HID events as /devices/platform/INTC1078:00/input/input7
Aug 08 16:54:21 nixos kernel: intel-hid INTC1078:00: failed to enable HID power button
Aug 08 16:54:21 nixos kernel: i2c i2c-0: 2/2 memory slots populated (from DMI)
Aug 08 16:54:21 nixos kernel: i2c i2c-0: Memory type 0x22 not supported yet, not instantiating SPD
Aug 08 16:54:21 nixos kernel: idma64 idma64.1: Found Intel integrated DMA 64-bit
Aug 08 16:54:21 nixos kernel: i2c i2c-2: Invalid 7-bit I2C address 0xffff
Aug 08 16:54:21 nixos kernel: idma64 idma64.2: Found Intel integrated DMA 64-bit
Aug 08 16:54:21 nixos kernel: idma64 idma64.3: Found Intel integrated DMA 64-bit
Aug 08 16:54:21 nixos kernel: idma64 idma64.4: Found Intel integrated DMA 64-bit
Aug 08 16:54:21 nixos kernel: idma64 idma64.5: Found Intel integrated DMA 64-bit
Aug 08 16:54:21 nixos systemd[1]: Finished File System Check on /dev/disk/by-uuid/101A-ECE3.
Aug 08 16:54:21 nixos systemd[1]: Found device /dev/tpmrm0.
Aug 08 16:54:21 nixos systemd[1]: Reached target Trusted Platform Module.
Aug 08 16:54:21 nixos systemd[1]: Make TPM PCR Policy was skipped because of an unmet condition check (ConditionSecurity=measured-uki).
Aug 08 16:54:21 nixos systemd[1]: Listening on Load/Save RF Kill Switch Status /dev/rfkill Watch.
Aug 08 16:54:21 nixos systemd[1]: Starting Virtual Console Setup...
Aug 08 16:54:21 nixos kernel: cfg80211: Loading compiled-in X.509 certificates for regulatory database
Aug 08 16:54:21 nixos kernel: Loaded X.509 cert 'sforshee: 00b28ddf47aef9cea7'
Aug 08 16:54:21 nixos kernel: Loaded X.509 cert 'wens: 61c038651aabdcf94bd0ac7ff06c7248db18c600'
Aug 08 16:54:21 nixos kernel: Intel(R) 2.5G Ethernet Linux Driver
Aug 08 16:54:21 nixos kernel: Copyright(c) 2018 Intel Corporation.
Aug 08 16:54:21 nixos kernel: igc 0000:03:00.0: PCIe PTM not supported by PCIe bus/controller
Aug 08 16:54:21 nixos kernel: spi-nor spi0.0: w25q256 (32768 Kbytes)
Aug 08 16:54:21 nixos kernel: iTCO_wdt iTCO_wdt: Found a Intel PCH TCO device (Version=6, TCOBASE=0x0400)
Aug 08 16:54:21 nixos kernel: iTCO_wdt iTCO_wdt: initialized. heartbeat=30 sec (nowayout=0)
Aug 08 16:54:21 nixos kernel: nvidia-modeset: Loading NVIDIA Kernel Mode Setting Driver for UNIX platforms  555.58.02  Tue Jun 25 01:10:21 UTC 2024
Aug 08 16:54:21 nixos kernel: Creating 1 MTD partitions on "0000:00:1f.5":
Aug 08 16:54:21 nixos kernel: 0x000000000000-0x000002000000 : "BIOS"
Aug 08 16:54:21 nixos kernel: Intel(R) Wireless WiFi driver for Linux
Aug 08 16:54:21 nixos kernel: iwlwifi 0000:00:14.3: enabling device (0000 -> 0002)
Aug 08 16:54:21 nixos kernel: [drm] [nvidia-drm] [GPU ID 0x00000100] Loading driver
Aug 08 16:54:21 nixos kernel: iwlwifi 0000:00:14.3: Detected crf-id 0x400410, cnv-id 0x80401 wfpm id 0x80000020
Aug 08 16:54:21 nixos kernel: iwlwifi 0000:00:14.3: PCI dev 7a70/0094, rev=0x430, rfid=0x2010d000
Aug 08 16:54:21 nixos kernel: snd_hda_intel 0000:00:1f.3: enabling device (0000 -> 0002)
Aug 08 16:54:21 nixos kernel: snd_hda_intel 0000:01:00.1: enabling device (0000 -> 0002)
Aug 08 16:54:21 nixos kernel: snd_hda_intel 0000:01:00.1: Disabling MSI
Aug 08 16:54:21 nixos kernel: snd_hda_intel 0000:01:00.1: Handle vga_switcheroo audio client
Aug 08 16:54:21 nixos kernel: iwlwifi 0000:00:14.3: api flags index 2 larger than supported by driver
Aug 08 16:54:21 nixos kernel: iwlwifi 0000:00:14.3: TLV_FW_FSEQ_VERSION: FSEQ Version: 0.0.2.41
Aug 08 16:54:21 nixos kernel: RAPL PMU: API unit is 2^-32 Joules, 2 fixed counters, 655360 ms ovfl timer
Aug 08 16:54:21 nixos kernel: RAPL PMU: hw unit of domain pp0-core 2^-14 Joules
Aug 08 16:54:21 nixos kernel: RAPL PMU: hw unit of domain package 2^-14 Joules
Aug 08 16:54:21 nixos kernel: iwlwifi 0000:00:14.3: loaded firmware version 83.e8f84e98.0 so-a0-gf-a0-83.ucode op_mode iwlmvm
Aug 08 16:54:21 nixos kernel: cryptd: max_cpu_qlen set to 1000
Aug 08 16:54:21 nixos kernel: AVX2 version of gcm_enc/dec engaged.
Aug 08 16:54:21 nixos kernel: AES CTR mode by8 optimization enabled
Aug 08 16:54:21 nixos kernel: pps pps0: new PPS source ptp0
Aug 08 16:54:21 nixos kernel: igc 0000:03:00.0 (unnamed net_device) (uninitialized): PHC added
Aug 08 16:54:21 nixos kernel: snd_hda_codec_realtek hdaudioC0D0: autoconfig for ALC897: line_outs=1 (0x14/0x0/0x0/0x0/0x0) type:line
Aug 08 16:54:21 nixos kernel: snd_hda_codec_realtek hdaudioC0D0:    speaker_outs=0 (0x0/0x0/0x0/0x0/0x0)
Aug 08 16:54:21 nixos kernel: snd_hda_codec_realtek hdaudioC0D0:    hp_outs=1 (0x1b/0x0/0x0/0x0/0x0)
Aug 08 16:54:21 nixos kernel: snd_hda_codec_realtek hdaudioC0D0:    mono: mono_out=0x0
Aug 08 16:54:21 nixos kernel: snd_hda_codec_realtek hdaudioC0D0:    dig-out=0x1e/0x0
Aug 08 16:54:21 nixos kernel: snd_hda_codec_realtek hdaudioC0D0:    inputs:
Aug 08 16:54:21 nixos kernel: snd_hda_codec_realtek hdaudioC0D0:      Front Mic=0x19
Aug 08 16:54:21 nixos kernel: snd_hda_codec_realtek hdaudioC0D0:      Rear Mic=0x18
Aug 08 16:54:21 nixos kernel: input: HDA NVidia HDMI/DP,pcm=3 as /devices/pci0000:00/0000:00:01.0/0000:01:00.1/sound/card1/input8
Aug 08 16:54:21 nixos kernel: input: HDA NVidia HDMI/DP,pcm=7 as /devices/pci0000:00/0000:00:01.0/0000:01:00.1/sound/card1/input9
Aug 08 16:54:21 nixos kernel: input: HDA NVidia HDMI/DP,pcm=8 as /devices/pci0000:00/0000:00:01.0/0000:01:00.1/sound/card1/input10
Aug 08 16:54:21 nixos kernel: input: HDA NVidia HDMI/DP,pcm=9 as /devices/pci0000:00/0000:00:01.0/0000:01:00.1/sound/card1/input11
Aug 08 16:54:21 nixos systemd[1]: Finished Virtual Console Setup.
Aug 08 16:54:21 nixos systemd[1]: Reached target Sound Card.
Aug 08 16:54:21 nixos kernel: igc 0000:03:00.0: 4.000 Gb/s available PCIe bandwidth (5.0 GT/s PCIe x1 link)
Aug 08 16:54:21 nixos kernel: igc 0000:03:00.0 eth0: MAC: 10:ff:e0:32:af:26
Aug 08 16:54:21 nixos kernel: input: HDA Intel PCH Front Mic as /devices/pci0000:00/0000:00:1f.3/sound/card0/input12
Aug 08 16:54:21 nixos kernel: input: HDA Intel PCH Rear Mic as /devices/pci0000:00/0000:00:1f.3/sound/card0/input13
Aug 08 16:54:21 nixos kernel: input: HDA Intel PCH Line Out as /devices/pci0000:00/0000:00:1f.3/sound/card0/input14
Aug 08 16:54:21 nixos kernel: input: HDA Intel PCH Front Headphone as /devices/pci0000:00/0000:00:1f.3/sound/card0/input15
Aug 08 16:54:21 nixos kernel: igc 0000:03:00.0 enp3s0: renamed from eth0
Aug 08 16:54:21 nixos kernel: iwlwifi 0000:00:14.3: Detected Intel(R) Wi-Fi 6E AX211 160MHz, REV=0x430
Aug 08 16:54:21 nixos kernel: thermal thermal_zone0: failed to read out thermal zone (-61)
Aug 08 16:54:21 nixos kernel: iwlwifi 0000:00:14.3: WRT: Invalid buffer destination
Aug 08 16:54:21 nixos kernel: intel_tcc_cooling: TCC Offset locked
Aug 08 16:54:21 nixos kernel: intel_rapl_common: Found RAPL domain package
Aug 08 16:54:21 nixos kernel: intel_rapl_common: Found RAPL domain core
Aug 08 16:54:21 nixos kernel: iwlwifi 0000:00:14.3: WFPM_UMAC_PD_NOTIFICATION: 0x20
Aug 08 16:54:21 nixos kernel: iwlwifi 0000:00:14.3: WFPM_LMAC2_PD_NOTIFICATION: 0x1f
Aug 08 16:54:21 nixos kernel: iwlwifi 0000:00:14.3: WFPM_AUTH_KEY_0: 0x90
Aug 08 16:54:21 nixos kernel: iwlwifi 0000:00:14.3: CNVI_SCU_SEQ_DATA_DW9: 0x0
Aug 08 16:54:21 nixos kernel: iwlwifi 0000:00:14.3: loaded PNVM version 35148b80
Aug 08 16:54:21 nixos kernel: iwlwifi 0000:00:14.3: RFIm is deactivated, reason = 5
Aug 08 16:54:21 nixos kernel: iwlwifi 0000:00:14.3: Detected RF GF, rfid=0x2010d000
Aug 08 16:54:21 nixos kernel: iwlwifi 0000:00:14.3: base HW address: f8:fe:5e:a2:1c:14
Aug 08 16:54:21 nixos systemd[1]: Starting Load/Save RF Kill Switch Status...
Aug 08 16:54:21 nixos kernel: iwlwifi 0000:00:14.3 wlo1: renamed from wlan0
Aug 08 16:54:21 nixos systemd[1]: Mounting /boot...
Aug 08 16:54:21 nixos systemd[1]: Mounting /run/wrappers...
Aug 08 16:54:21 nixos systemd[1]: Started Load/Save RF Kill Switch Status.
Aug 08 16:54:21 nixos systemd[1]: Mounted /run/wrappers.
Aug 08 16:54:21 nixos systemd[1]: Starting Create SUID/SGID Wrappers...
Aug 08 16:54:21 nixos systemd[1]: Mounted /boot.
Aug 08 16:54:21 nixos systemd[1]: Reached target Local File Systems.
Aug 08 16:54:21 nixos systemd[1]: Listening on Boot Entries Service Socket.
Aug 08 16:54:21 nixos systemd[1]: Starting Update Boot Loader Random Seed...
Aug 08 16:54:21 nixos systemd[1]: Finished Update Boot Loader Random Seed.
Aug 08 16:54:21 nixos systemd[1]: suid-sgid-wrappers.service: Deactivated successfully.
Aug 08 16:54:21 nixos systemd[1]: Finished Create SUID/SGID Wrappers.
Aug 08 16:54:21 nixos kernel: [drm] Initialized nvidia-drm 0.0.0 20160202 for 0000:01:00.0 on minor 1
Aug 08 16:54:21 nixos kernel: Console: switching to colour dummy device 80x25
Aug 08 16:54:21 nixos kernel: nvidia 0000:01:00.0: vgaarb: deactivate vga console
Aug 08 16:54:21 nixos kernel: fbcon: nvidia-drmdrmfb (fb0) is primary device
Aug 08 16:54:21 nixos kernel: Console: switching to colour frame buffer device 240x67
Aug 08 16:54:21 nixos kernel: nvidia 0000:01:00.0: [drm] fb0: nvidia-drmdrmfb frame buffer device
Aug 08 16:54:21 nixos systemd[1]: Finished Load Kernel Modules.
Aug 08 16:54:21 nixos systemd[1]: Starting Firewall...
Aug 08 16:54:21 nixos systemd[1]: Starting Apply Kernel Variables...
Aug 08 16:54:21 nixos systemd[1]: Finished Apply Kernel Variables.
Aug 08 16:54:21 nixos kernel: ACPI: \_TZ_.TZ10: Invalid passive threshold
Aug 08 16:54:21 nixos kernel: thermal LNXTHERM:00: registered as thermal_zone2
Aug 08 16:54:21 nixos kernel: ACPI: thermal: Thermal Zone [TZ10] (17 C)
Aug 08 16:54:21 nixos kernel: thermal LNXTHERM:01: registered as thermal_zone3
Aug 08 16:54:21 nixos kernel: ACPI: thermal: Thermal Zone [TZ00] (28 C)
Aug 08 16:54:21 nixos systemd[1]: Finished Firewall.
Aug 08 16:54:21 nixos kernel: usb 1-11: can't set config #1, error -110
Aug 08 16:54:21 nixos kernel: input: Kinesis Corporation Adv360 Pro Keyboard as /devices/pci0000:00/0000:00:14.0/usb1/1-4/1-4.2/1-4.2:1.0/0003:29EA:0362.0003/input/input16
Aug 08 16:54:21 nixos kernel: hid-generic 0003:29EA:0362.0003: input,hidraw2: USB HID v1.10 Keyboard [Kinesis Corporation Adv360 Pro] on usb-0000:00:14.0-4.2/input0
Aug 08 16:54:21 nixos kernel: usb 1-14: new full-speed USB device number 8 using xhci_hcd
Aug 08 16:54:21 nixos kernel: usb 1-14: New USB device found, idVendor=8087, idProduct=0033, bcdDevice= 0.00
Aug 08 16:54:21 nixos kernel: usb 1-14: New USB device strings: Mfr=0, Product=0, SerialNumber=0
Aug 08 16:54:21 nixos kernel: mc: Linux media interface: v0.10
Aug 08 16:54:21 nixos kernel: usb-storage 2-10:1.0: USB Mass Storage device detected
Aug 08 16:54:21 nixos kernel: scsi host8: usb-storage 2-10:1.0
Aug 08 16:54:21 nixos kernel: usbcore: registered new interface driver usb-storage
Aug 08 16:54:21 nixos systemd-journald[605]: Journal started
Aug 08 16:54:21 nixos systemd-journald[605]: Runtime Journal (/run/log/journal/4562419be53449d4b3c3a6d36f2a962a) is 8M, max 798.2M, 790.2M free.
Aug 08 16:54:21 nixos mtp-probe[959]: checking bus 1, device 6: "/sys/devices/pci0000:00/0000:00:14.0/usb1/1-11"
Aug 08 16:54:16 nixos systemd-modules-load[606]: Inserted module 'kvm_intel'
Aug 08 16:54:21 nixos mtp-probe[959]: bus: 1, device: 6 was not an MTP device
Aug 08 16:54:16 nixos systemd-modules-load[606]: Inserted module 'bridge'
Aug 08 16:54:21 nixos mtp-probe[965]: checking bus 1, device 2: "/sys/devices/pci0000:00/0000:00:14.0/usb1/1-2"
Aug 08 16:54:16 nixos systemd-modules-load[606]: Inserted module 'macvlan'
Aug 08 16:54:21 nixos mtp-probe[965]: bus: 1, device: 2 was not an MTP device
Aug 08 16:54:16 nixos systemd-modules-load[606]: Inserted module 'tap'
Aug 08 16:54:21 nixos mtp-probe[970]: checking bus 1, device 6: "/sys/devices/pci0000:00/0000:00:14.0/usb1/1-11"
Aug 08 16:54:16 nixos systemd-modules-load[606]: Inserted module 'tun'
Aug 08 16:54:21 nixos mtp-probe[970]: bus: 1, device: 6 was not an MTP device
Aug 08 16:54:16 nixos systemd-modules-load[606]: Inserted module 'loop'
Aug 08 16:54:21 nixos mtp-probe[971]: checking bus 1, device 4: "/sys/devices/pci0000:00/0000:00:14.0/usb1/1-5"
Aug 08 16:54:16 nixos systemd-modules-load[606]: Inserted module 'atkbd'
Aug 08 16:54:21 nixos mtp-probe[971]: bus: 1, device: 4 was not an MTP device
Aug 08 16:54:16 nixos systemd-modules-load[606]: Module 'ctr' is built in
Aug 08 16:54:21 nixos mtp-probe[972]: checking bus 2, device 3: "/sys/devices/pci0000:00/0000:00:14.0/usb2/2-10"
Aug 08 16:54:16 nixos systemd-udevd[627]: Using default interface naming scheme 'v255'.
Aug 08 16:54:21 nixos systemd[1]: Started Journal Service.
Aug 08 16:54:21 nixos mtp-probe[972]: bus: 2, device: 3 was not an MTP device
Aug 08 16:54:16 nixos (udev-worker)[663]: nvidia: Process '/nix/store/i1x9sidnvhhbbha2zhgpxkhpysw6ajmr-bash-5.2p26/bin/bash -c 'mknod -m 666 /dev/nvidiactl c 195 255'' failed with exit code 1.
Aug 08 16:54:21 nixos mtp-probe[977]: checking bus 1, device 5: "/sys/devices/pci0000:00/0000:00:14.0/usb1/1-4/1-4.1"
Aug 08 16:54:16 nixos (udev-worker)[663]: nvidia: Process '/nix/store/i1x9sidnvhhbbha2zhgpxkhpysw6ajmr-bash-5.2p26/bin/bash -c 'for i in $(cat /proc/driver/nvidia/gpus/*/information | grep Minor | cut -d \  -f 4); do mknod -m 666 /dev/nvidia${i} c 195 ${i}; done'' failed with exit code 1.
Aug 08 16:54:21 nixos mtp-probe[977]: bus: 1, device: 5 was not an MTP device
Aug 08 16:54:16 nixos systemd-modules-load[606]: Inserted module 'nvidia'
Aug 08 16:54:21 nixos mtp-probe[978]: checking bus 1, device 6: "/sys/devices/pci0000:00/0000:00:14.0/usb1/1-11"
Aug 08 16:54:16 nixos systemd-modules-load[606]: Inserted module 'nvidia_modeset'
Aug 08 16:54:21 nixos mtp-probe[979]: checking bus 1, device 7: "/sys/devices/pci0000:00/0000:00:14.0/usb1/1-4/1-4.2"
Aug 08 16:54:17 nixos bootctl[789]: ! Mount point '/boot' which backs the random seed file is world accessible, which is a security hole! !
Aug 08 16:54:21 nixos mtp-probe[978]: bus: 1, device: 6 was not an MTP device
Aug 08 16:54:17 nixos bootctl[789]: ! Random seed file '/boot/loader/random-seed' is world accessible, which is a security hole! !
Aug 08 16:54:21 nixos mtp-probe[979]: bus: 1, device: 7 was not an MTP device
Aug 08 16:54:17 nixos bootctl[789]: Random seed file /boot/loader/random-seed successfully refreshed (32 bytes).
Aug 08 16:54:18 nixos systemd-modules-load[606]: Inserted module 'nvidia_drm'
Aug 08 16:54:21 nixos systemd-fsck[690]: fsck.fat 4.2 (2021-01-31)
Aug 08 16:54:21 nixos systemd-fsck[690]: There are differences between boot sector and its backup.
Aug 08 16:54:21 nixos systemd-fsck[690]: This is mostly harmless. Differences: (offset:original/backup)
Aug 08 16:54:21 nixos systemd-fsck[690]:   65:01/00
Aug 08 16:54:21 nixos systemd-fsck[690]:   Not automatically fixing this.
Aug 08 16:54:21 nixos systemd-fsck[690]: Dirty bit is set. Fs was not properly unmounted and some data may be corrupt.
Aug 08 16:54:21 nixos systemd-fsck[690]:  Automatically removing dirty bit.
Aug 08 16:54:21 nixos systemd-fsck[690]: *** Filesystem was changed ***
Aug 08 16:54:21 nixos systemd-fsck[690]: Writing changes.
Aug 08 16:54:21 nixos systemd-fsck[690]: /dev/nvme0n1p1: 25 files, 24403/130812 clusters
Aug 08 16:54:21 nixos kernel: usbcore: registered new interface driver uas
Aug 08 16:54:21 nixos systemd[1]: Starting Flush Journal to Persistent Storage...
Aug 08 16:54:21 nixos kernel: videodev: Linux video capture interface: v2.00
Aug 08 16:54:21 nixos systemd-journald[605]: Time spent on flushing to /var/log/journal/4562419be53449d4b3c3a6d36f2a962a is 4.694ms for 1071 entries.
Aug 08 16:54:21 nixos systemd-journald[605]: System Journal (/var/log/journal/4562419be53449d4b3c3a6d36f2a962a) is 118.6M, max 4G, 3.8G free.
Aug 08 16:54:21 nixos systemd-journald[605]: Received client request to flush runtime journal.
Aug 08 16:54:21 nixos systemd-journald[605]: File /var/log/journal/4562419be53449d4b3c3a6d36f2a962a/system.journal corrupted or uncleanly shut down, renaming and replacing.
Aug 08 16:54:21 nixos kernel: Bluetooth: Core ver 2.22
Aug 08 16:54:21 nixos kernel: NET: Registered PF_BLUETOOTH protocol family
Aug 08 16:54:21 nixos kernel: Bluetooth: HCI device and connection manager initialized
Aug 08 16:54:21 nixos kernel: Bluetooth: HCI socket layer initialized
Aug 08 16:54:21 nixos kernel: Bluetooth: L2CAP socket layer initialized
Aug 08 16:54:21 nixos kernel: Bluetooth: SCO socket layer initialized
Aug 08 16:54:21 nixos mtp-probe[1019]: checking bus 1, device 7: "/sys/devices/pci0000:00/0000:00:14.0/usb1/1-4/1-4.2"
Aug 08 16:54:21 nixos mtp-probe[1019]: bus: 1, device: 7 was not an MTP device
Aug 08 16:54:21 nixos systemd[1]: Finished Flush Journal to Persistent Storage.
Aug 08 16:54:21 nixos systemd[1]: Starting Create System Files and Directories...
Aug 08 16:54:21 nixos systemd-tmpfiles[1022]: Opening file "/tmp/.ICE-unix/1279" failed, proceeding without lock: No such device or address
Aug 08 16:54:21 nixos systemd-tmpfiles[1022]: Opening file "/tmp/.X11-unix/X1025" failed, proceeding without lock: No such device or address
Aug 08 16:54:21 nixos systemd-tmpfiles[1022]: Opening file "/tmp/.X11-unix/X1024" failed, proceeding without lock: No such device or address
Aug 08 16:54:21 nixos systemd[1]: Finished Create System Files and Directories.
Aug 08 16:54:21 nixos systemd[1]: Rebuild Journal Catalog was skipped because of an unmet condition check (ConditionNeedsUpdate=/var).
Aug 08 16:54:21 nixos systemd[1]: Starting Userspace Out-Of-Memory (OOM) Killer...
Aug 08 16:54:21 nixos systemd[1]: Starting Network Time Synchronization...
Aug 08 16:54:21 nixos systemd[1]: Update is Completed was skipped because no trigger condition checks were met.
Aug 08 16:54:21 nixos systemd[1]: Starting Record System Boot/Shutdown in UTMP...
Aug 08 16:54:21 nixos systemd[1]: Finished Record System Boot/Shutdown in UTMP.
Aug 08 16:54:21 nixos systemd-oomd[1025]: No swap; memory pressure usage will be degraded
Aug 08 16:54:21 nixos systemd[1]: Started Userspace Out-Of-Memory (OOM) Killer.
Aug 08 16:54:21 nixos systemd-timesyncd[1032]: Disabling NSCD because DNSSEC validation is turned off
Aug 08 16:54:21 nixos systemd[1]: Started Network Time Synchronization.
Aug 08 16:54:21 nixos systemd[1]: Reached target System Initialization.
Aug 08 16:54:21 nixos systemd[1]: Started logrotate.timer.
Aug 08 16:54:21 nixos systemd[1]: Started Daily Cleanup of Temporary Directories.
Aug 08 16:54:21 nixos systemd[1]: Reached target Timer Units.
Aug 08 16:54:21 nixos systemd[1]: Listening on Avahi mDNS/DNS-SD Stack Activation Socket.
Aug 08 16:54:21 nixos systemd[1]: Listening on CUPS Scheduler.
Aug 08 16:54:21 nixos systemd[1]: Listening on D-Bus System Message Bus Socket.
Aug 08 16:54:21 nixos systemd[1]: Listening on Nix Daemon Socket.
Aug 08 16:54:21 nixos systemd[1]: Listening on Hostname Service Socket.
Aug 08 16:54:21 nixos systemd-timesyncd[1032]: Network configuration changed, trying to establish connection.
Aug 08 16:54:21 nixos systemd[1]: Reached target Socket Units.
Aug 08 16:54:21 nixos systemd[1]: Reached target Basic System.
Aug 08 16:54:21 nixos systemd[1]: Starting Network Manager Script Dispatcher Service...
Aug 08 16:54:21 nixos systemd[1]: Started ACPI Daemon.
Aug 08 16:54:21 nixos systemd[1]: Starting Kernel Auditing...
Aug 08 16:54:21 nixos systemd[1]: Starting Avahi mDNS/DNS-SD Stack...
Aug 08 16:54:21 nixos systemd[1]: Starting D-Bus System Message Bus...
Aug 08 16:54:21 nixos systemd[1]: Starting Logrotate configuration check...
Aug 08 16:54:21 nixos systemd[1]: Starting Name Service Cache Daemon (nsncd)...
Aug 08 16:54:21 nixos systemd[1]: Started Reset console on configuration changes.
Aug 08 16:54:21 nixos systemd[1]: Starting resolvconf update...
Aug 08 16:54:21 nixos systemd[1]: Starting Virtual Machine and Container Registration Service...
Aug 08 16:54:21 nixos logrotate[1042]: warning: logrotate in debug mode does nothing except printing debug messages!  Consider using verbose mode (-v) instead if this is not what you want.
Aug 08 16:54:21 nixos logrotate[1042]: reading config file /nix/store/lndj19impk4npbb16vb2whsl7sbv9css-logrotate.conf
Aug 08 16:54:21 nixos bwqjwbrk4j8iwchyg2g7041fq3v50j2n-audit-disable[1047]: No rules
Aug 08 16:54:21 nixos logrotate[1042]: note: 'monthly' overrides previously specified 'weekly'
Aug 08 16:54:21 nixos logrotate[1042]: Reading state from file: /var/lib/logrotate.status
Aug 08 16:54:21 nixos logrotate[1042]: Allocating hash table for state file, size 64 entries
Aug 08 16:54:21 nixos logrotate[1042]: Creating new state
Aug 08 16:54:21 nixos logrotate[1042]: Creating new state
Aug 08 16:54:21 nixos logrotate[1042]: Handling 2 logs
Aug 08 16:54:21 nixos logrotate[1042]: rotating pattern: "/var/log/btmp" monthly empty log files are not rotated, only log files >= 1048576 bytes are rotated, (1 rotations), old logs are removed
Aug 08 16:54:21 nixos logrotate[1042]: considering log /var/log/btmp
Aug 08 16:54:21 nixos logrotate[1042]:   Now: 2024-08-08 16:54
Aug 08 16:54:21 nixos logrotate[1042]:   Last rotated at 2024-08-08 14:00
Aug 08 16:54:21 nixos logrotate[1042]:   log does not need rotating (log has been rotated at 2024-08-08 14:00, which is less than a month ago)
